EN fhm_fwu_w32 NULL /home/sajjad/SS20/ASIPMeisterProjects/1/brownie/ISE_XPower/fhm_fwu_w32.vhd sub00/vhpl72 1592242421
EN rtg_mux5to1_w5 NULL /home/sajjad/SS20/ASIPMeisterProjects/1/brownie/ISE_XPower/rtg_mux5to1_w5.vhd sub00/vhpl94 1592242443
EN fhm_dummy_register_w32 NULL /home/sajjad/SS20/ASIPMeisterProjects/1/brownie/ISE_XPower/fhm_dummy_register_w32.vhd sub00/vhpl74 1592242423
EN fhm_divider_w32_reg32 NULL /home/sajjad/SS20/ASIPMeisterProjects/1/brownie/ISE_XPower/fhm_divider_w32.vhd sub00/vhpl48 1592242397
AR fhm_wire_in_w1 synthesis /home/sajjad/SS20/ASIPMeisterProjects/1/brownie/ISE_XPower/fhm_wire_in_w1.vhd sub00/vhpl69 1592242418
EN fhm_mifu_w32_00 NULL /home/sajjad/SS20/ASIPMeisterProjects/1/brownie/ISE_XPower/fhm_mifu_w32_00.vhd sub00/vhpl20 1592242369
EN fhm_mifu_w32_01 NULL /home/sajjad/SS20/ASIPMeisterProjects/1/brownie/ISE_XPower/fhm_mifu_w32_01.vhd sub00/vhpl22 1592242371
EN fhm_browregfile_w32 NULL /home/sajjad/SS20/ASIPMeisterProjects/1/brownie/ISE_XPower/fhm_browregfile_w32.vhd sub00/vhpl82 1592242431
EN rtg_register_w14 NULL /home/sajjad/SS20/ASIPMeisterProjects/1/brownie/ISE_XPower/rtg_register_w14.vhd sub00/vhpl10 1592242359
AR fhm_divider_w32_reg32 synthesis /home/sajjad/SS20/ASIPMeisterProjects/1/brownie/ISE_XPower/fhm_divider_w32.vhd sub00/vhpl49 1592242398
EN fhm_wire_in_w1 NULL /home/sajjad/SS20/ASIPMeisterProjects/1/brownie/ISE_XPower/fhm_wire_in_w1.vhd sub00/vhpl68 1592242417
EN rtg_mux3to1_w5 NULL /home/sajjad/SS20/ASIPMeisterProjects/1/brownie/ISE_XPower/rtg_mux3to1_w5.vhd sub00/vhpl96 1592242445
EN rtg_register_w32 NULL /home/sajjad/SS20/ASIPMeisterProjects/1/brownie/ISE_XPower/rtg_register_w32.vhd sub00/vhpl06 1592242355
EN fhm_multiplier_w32_tconv32 NULL /home/sajjad/SS20/ASIPMeisterProjects/1/brownie/ISE_XPower/fhm_multiplier_w32.vhd sub00/vhpl40 1592242389
AR fhm_extender_w26 synthesis /home/sajjad/SS20/ASIPMeisterProjects/1/brownie/ISE_XPower/fhm_extender_w26.vhd sub00/vhpl65 1592242414
EN rtg_mux12to1_w32 NULL /home/sajjad/SS20/ASIPMeisterProjects/1/brownie/ISE_XPower/rtg_mux12to1_w32.vhd sub00/vhpl92 1592242441
EN fhm_alu_w32 NULL /home/sajjad/SS20/ASIPMeisterProjects/1/brownie/ISE_XPower/fhm_alu_w32.vhd sub00/vhpl26 1592242375
EN fhm_alu_w32_add NULL /home/sajjad/SS20/ASIPMeisterProjects/1/brownie/ISE_XPower/fhm_alu_w32.vhd sub00/vhpl24 1592242373
EN fhm_multiplier_w32_reg1 NULL /home/sajjad/SS20/ASIPMeisterProjects/1/brownie/ISE_XPower/fhm_multiplier_w32.vhd sub00/vhpl28 1592242377
EN rtg_mux2to1_w5 NULL /home/sajjad/SS20/ASIPMeisterProjects/1/brownie/ISE_XPower/rtg_mux2to1_w5.vhd sub00/vhpl90 1592242439
EN flag_reg5 NULL /home/sajjad/SS20/ASIPMeisterProjects/1/brownie/ISE_XPower/fhm_browregfile_w32.vhd sub00/vhpl76 1592242425
AR rtg_proc_fsm rtl /home/sajjad/SS20/ASIPMeisterProjects/1/brownie/ISE_XPower/rtg_proc_fsm.vhd sub00/vhpl01 1592242350
EN rtg_register_w64 NULL /home/sajjad/SS20/ASIPMeisterProjects/1/brownie/ISE_XPower/rtg_register_w64.vhd sub00/vhpl08 1592242357
EN fhm_multiplier_w32_tconv64 NULL /home/sajjad/SS20/ASIPMeisterProjects/1/brownie/ISE_XPower/fhm_multiplier_w32.vhd sub00/vhpl42 1592242391
AR fhm_multiplier_w32_add32 synthesis /home/sajjad/SS20/ASIPMeisterProjects/1/brownie/ISE_XPower/fhm_multiplier_w32.vhd sub00/vhpl31 1592242380
EN fhm_multiplier_w32 NULL /home/sajjad/SS20/ASIPMeisterProjects/1/brownie/ISE_XPower/fhm_multiplier_w32.vhd sub00/vhpl44 1592242393
AR fhm_pcu_w32_add32 synthesis /home/sajjad/SS20/ASIPMeisterProjects/1/brownie/ISE_XPower/fhm_pcu_w32.vhd sub00/vhpl13 1592242362
AR fhm_divider_w32 synthesis /home/sajjad/SS20/ASIPMeisterProjects/1/brownie/ISE_XPower/fhm_divider_w32.vhd sub00/vhpl59 1592242408
AR fhm_divider_w32_lsftreg32 synthesis /home/sajjad/SS20/ASIPMeisterProjects/1/brownie/ISE_XPower/fhm_divider_w32.vhd sub00/vhpl53 1592242402
AR dlx_toplevel behavioral /home/sajjad/SS20/ASIPMeisterProjects/1/brownie/ISE_XPower/dlx_toplevel.vhd sub01/vhpl103 1592242452
AR fhm_extender_w8 synthesis /home/sajjad/SS20/ASIPMeisterProjects/1/brownie/ISE_XPower/fhm_extender_w8.vhd sub00/vhpl61 1592242410
AR rtg_mux2to1_w5 rtl /home/sajjad/SS20/ASIPMeisterProjects/1/brownie/ISE_XPower/rtg_mux2to1_w5.vhd sub00/vhpl91 1592242440
EN fhm_multiplier_w32_add32 NULL /home/sajjad/SS20/ASIPMeisterProjects/1/brownie/ISE_XPower/fhm_multiplier_w32.vhd sub00/vhpl30 1592242379
EN fhm_divider_w32_sdiv32 NULL /home/sajjad/SS20/ASIPMeisterProjects/1/brownie/ISE_XPower/fhm_divider_w32.vhd sub00/vhpl54 1592242403
AR fhm_browregfile_w32 synthesis /home/sajjad/SS20/ASIPMeisterProjects/1/brownie/ISE_XPower/fhm_browregfile_w32.vhd sub00/vhpl83 1592242432
AR fhm_alu_w32_add synthesis /home/sajjad/SS20/ASIPMeisterProjects/1/brownie/ISE_XPower/fhm_alu_w32.vhd sub00/vhpl25 1592242374
AR fhm_wire_out_w1 synthesis /home/sajjad/SS20/ASIPMeisterProjects/1/brownie/ISE_XPower/fhm_wire_out_w1.vhd sub00/vhpl71 1592242420
EN fhm_pcu_w32_add32 NULL /home/sajjad/SS20/ASIPMeisterProjects/1/brownie/ISE_XPower/fhm_pcu_w32.vhd sub00/vhpl12 1592242361
EN fhm_extender_w8 NULL /home/sajjad/SS20/ASIPMeisterProjects/1/brownie/ISE_XPower/fhm_extender_w8.vhd sub00/vhpl60 1592242409
AR fhm_multiplier_w32_tconv32 synthesis /home/sajjad/SS20/ASIPMeisterProjects/1/brownie/ISE_XPower/fhm_multiplier_w32.vhd sub00/vhpl41 1592242390
AR fhm_multiplier_w32_reg32 synthesis /home/sajjad/SS20/ASIPMeisterProjects/1/brownie/ISE_XPower/fhm_multiplier_w32.vhd sub00/vhpl35 1592242384
EN fhm_multiplier_w32_add64 NULL /home/sajjad/SS20/ASIPMeisterProjects/1/brownie/ISE_XPower/fhm_multiplier_w32.vhd sub00/vhpl32 1592242381
EN fhm_multiplier_w32_reg32 NULL /home/sajjad/SS20/ASIPMeisterProjects/1/brownie/ISE_XPower/fhm_multiplier_w32.vhd sub00/vhpl34 1592242383
AR rtg_mux3to1_w5 rtl /home/sajjad/SS20/ASIPMeisterProjects/1/brownie/ISE_XPower/rtg_mux3to1_w5.vhd sub00/vhpl97 1592242446
AR fhm_divider_w32_tconv32 synthesis /home/sajjad/SS20/ASIPMeisterProjects/1/brownie/ISE_XPower/fhm_divider_w32.vhd sub00/vhpl57 1592242406
EN dlx_toplevel NULL /home/sajjad/SS20/ASIPMeisterProjects/1/brownie/ISE_XPower/dlx_toplevel.vhd sub01/vhpl102 1592242451
AR fhm_pcu_w32_reg32 synthesis /home/sajjad/SS20/ASIPMeisterProjects/1/brownie/ISE_XPower/fhm_pcu_w32.vhd sub00/vhpl15 1592242364
AR rtg_mux3to1_w32 rtl /home/sajjad/SS20/ASIPMeisterProjects/1/brownie/ISE_XPower/rtg_mux3to1_w32.vhd sub00/vhpl89 1592242438
EN fhm_pcu_w32_reg32 NULL /home/sajjad/SS20/ASIPMeisterProjects/1/brownie/ISE_XPower/fhm_pcu_w32.vhd sub00/vhpl14 1592242363
AR fhm_fwu_w32 synthesis /home/sajjad/SS20/ASIPMeisterProjects/1/brownie/ISE_XPower/fhm_fwu_w32.vhd sub00/vhpl73 1592242422
AR fhm_multiplier_w32_smul synthesis /home/sajjad/SS20/ASIPMeisterProjects/1/brownie/ISE_XPower/fhm_multiplier_w32.vhd sub00/vhpl39 1592242388
AR flag_reg5 synthesis /home/sajjad/SS20/ASIPMeisterProjects/1/brownie/ISE_XPower/fhm_browregfile_w32.vhd sub00/vhpl77 1592242426
AR fhm_divider_w32_add32 synthesis /home/sajjad/SS20/ASIPMeisterProjects/1/brownie/ISE_XPower/fhm_divider_w32.vhd sub00/vhpl47 1592242396
EN fhm_multiplier_w32_reg64 NULL /home/sajjad/SS20/ASIPMeisterProjects/1/brownie/ISE_XPower/fhm_multiplier_w32.vhd sub00/vhpl36 1592242385
AR fhm_alu_w32 synthesis /home/sajjad/SS20/ASIPMeisterProjects/1/brownie/ISE_XPower/fhm_alu_w32.vhd sub00/vhpl27 1592242376
EN fhm_multiplier_w32_smul NULL /home/sajjad/SS20/ASIPMeisterProjects/1/brownie/ISE_XPower/fhm_multiplier_w32.vhd sub00/vhpl38 1592242387
EN fhm_divider_w32_reg1 NULL /home/sajjad/SS20/ASIPMeisterProjects/1/brownie/ISE_XPower/fhm_divider_w32.vhd sub00/vhpl50 1592242399
AR fhm_shifter_w32 synthesis /home/sajjad/SS20/ASIPMeisterProjects/1/brownie/ISE_XPower/fhm_shifter_w32.vhd sub00/vhpl67 1592242416
AR rtg_mux12to1_w32 rtl /home/sajjad/SS20/ASIPMeisterProjects/1/brownie/ISE_XPower/rtg_mux12to1_w32.vhd sub00/vhpl93 1592242442
EN rtg_proc_fsm NULL /home/sajjad/SS20/ASIPMeisterProjects/1/brownie/ISE_XPower/rtg_proc_fsm.vhd sub00/vhpl00 1592242349
AR rtg_register_w32 rtl /home/sajjad/SS20/ASIPMeisterProjects/1/brownie/ISE_XPower/rtg_register_w32.vhd sub00/vhpl07 1592242356
EN rtg_mux3to1_w32 NULL /home/sajjad/SS20/ASIPMeisterProjects/1/brownie/ISE_XPower/rtg_mux3to1_w32.vhd sub00/vhpl88 1592242437
AR fhm_register_w32 logic /home/sajjad/SS20/ASIPMeisterProjects/1/brownie/ISE_XPower/fhm_register_w32.vhd sub00/vhpl19 1592242368
AR rtg_mux5to1_w5 rtl /home/sajjad/SS20/ASIPMeisterProjects/1/brownie/ISE_XPower/rtg_mux5to1_w5.vhd sub00/vhpl95 1592242444
AR rtg_controller rtl /home/sajjad/SS20/ASIPMeisterProjects/1/brownie/ISE_XPower/rtg_controller.vhd sub00/vhpl85 1592242434
AR rtg_register_w64 rtl /home/sajjad/SS20/ASIPMeisterProjects/1/brownie/ISE_XPower/rtg_register_w64.vhd sub00/vhpl09 1592242358
EN browniestd32 NULL /home/sajjad/SS20/ASIPMeisterProjects/1/brownie/ISE_XPower/BrownieSTD32.vhd sub01/vhpl100 1592242449
AR rtg_register_w14 rtl /home/sajjad/SS20/ASIPMeisterProjects/1/brownie/ISE_XPower/rtg_register_w14.vhd sub00/vhpl11 1592242360
EN fhm_wire_out_w1 NULL /home/sajjad/SS20/ASIPMeisterProjects/1/brownie/ISE_XPower/fhm_wire_out_w1.vhd sub00/vhpl70 1592242419
AR fhm_extender_w16 synthesis /home/sajjad/SS20/ASIPMeisterProjects/1/brownie/ISE_XPower/fhm_extender_w16.vhd sub00/vhpl63 1592242412
AR fhm_multiplier_w32_reg1 synthesis /home/sajjad/SS20/ASIPMeisterProjects/1/brownie/ISE_XPower/fhm_multiplier_w32.vhd sub00/vhpl29 1592242378
EN rtg_register_w1 NULL /home/sajjad/SS20/ASIPMeisterProjects/1/brownie/ISE_XPower/rtg_register_w1.vhd sub00/vhpl02 1592242351
EN fhm_register_w32 NULL /home/sajjad/SS20/ASIPMeisterProjects/1/brownie/ISE_XPower/fhm_register_w32.vhd sub00/vhpl18 1592242367
EN rtg_register_w2 NULL /home/sajjad/SS20/ASIPMeisterProjects/1/brownie/ISE_XPower/rtg_register_w2.vhd sub00/vhpl04 1592242353
AR rtg_register_w5 rtl /home/sajjad/SS20/ASIPMeisterProjects/1/brownie/ISE_XPower/rtg_register_w5.vhd sub00/vhpl99 1592242448
AR browniestd32 rtl /home/sajjad/SS20/ASIPMeisterProjects/1/brownie/ISE_XPower/BrownieSTD32.vhd sub01/vhpl101 1592242450
EN rtg_register_w5 NULL /home/sajjad/SS20/ASIPMeisterProjects/1/brownie/ISE_XPower/rtg_register_w5.vhd sub00/vhpl98 1592242447
EN fhm_browregfile_w32_reg32 NULL /home/sajjad/SS20/ASIPMeisterProjects/1/brownie/ISE_XPower/fhm_browregfile_w32.vhd sub00/vhpl80 1592242429
AR fhm_mifu_w32_00 synthesis /home/sajjad/SS20/ASIPMeisterProjects/1/brownie/ISE_XPower/fhm_mifu_w32_00.vhd sub00/vhpl21 1592242370
AR rtg_register_w1 rtl /home/sajjad/SS20/ASIPMeisterProjects/1/brownie/ISE_XPower/rtg_register_w1.vhd sub00/vhpl03 1592242352
EN rtg_mux2to1_w32 NULL /home/sajjad/SS20/ASIPMeisterProjects/1/brownie/ISE_XPower/rtg_mux2to1_w32.vhd sub00/vhpl86 1592242435
AR fhm_browregfile_w32_reg32 synthesis /home/sajjad/SS20/ASIPMeisterProjects/1/brownie/ISE_XPower/fhm_browregfile_w32.vhd sub00/vhpl81 1592242430
EN fhm_pcu_w32 NULL /home/sajjad/SS20/ASIPMeisterProjects/1/brownie/ISE_XPower/fhm_pcu_w32.vhd sub00/vhpl16 1592242365
AR fhm_pcu_w32 synthesis /home/sajjad/SS20/ASIPMeisterProjects/1/brownie/ISE_XPower/fhm_pcu_w32.vhd sub00/vhpl17 1592242366
EN fhm_divider_w32 NULL /home/sajjad/SS20/ASIPMeisterProjects/1/brownie/ISE_XPower/fhm_divider_w32.vhd sub00/vhpl58 1592242407
EN status_reg27 NULL /home/sajjad/SS20/ASIPMeisterProjects/1/brownie/ISE_XPower/fhm_browregfile_w32.vhd sub00/vhpl78 1592242427
AR fhm_multiplier_w32_add64 synthesis /home/sajjad/SS20/ASIPMeisterProjects/1/brownie/ISE_XPower/fhm_multiplier_w32.vhd sub00/vhpl33 1592242382
EN fhm_shifter_w32 NULL /home/sajjad/SS20/ASIPMeisterProjects/1/brownie/ISE_XPower/fhm_shifter_w32.vhd sub00/vhpl66 1592242415
AR fhm_mifu_w32_01 synthesis /home/sajjad/SS20/ASIPMeisterProjects/1/brownie/ISE_XPower/fhm_mifu_w32_01.vhd sub00/vhpl23 1592242372
AR fhm_divider_w32_sdiv32 synthesis /home/sajjad/SS20/ASIPMeisterProjects/1/brownie/ISE_XPower/fhm_divider_w32.vhd sub00/vhpl55 1592242404
EN fhm_extender_w16 NULL /home/sajjad/SS20/ASIPMeisterProjects/1/brownie/ISE_XPower/fhm_extender_w16.vhd sub00/vhpl62 1592242411
EN fhm_extender_w26 NULL /home/sajjad/SS20/ASIPMeisterProjects/1/brownie/ISE_XPower/fhm_extender_w26.vhd sub00/vhpl64 1592242413
EN rtg_controller NULL /home/sajjad/SS20/ASIPMeisterProjects/1/brownie/ISE_XPower/rtg_controller.vhd sub00/vhpl84 1592242433
EN fhm_divider_w32_tconv32 NULL /home/sajjad/SS20/ASIPMeisterProjects/1/brownie/ISE_XPower/fhm_divider_w32.vhd sub00/vhpl56 1592242405
EN fhm_divider_w32_lsftreg32 NULL /home/sajjad/SS20/ASIPMeisterProjects/1/brownie/ISE_XPower/fhm_divider_w32.vhd sub00/vhpl52 1592242401
AR fhm_divider_w32_reg1 synthesis /home/sajjad/SS20/ASIPMeisterProjects/1/brownie/ISE_XPower/fhm_divider_w32.vhd sub00/vhpl51 1592242400
EN fhm_divider_w32_add32 NULL /home/sajjad/SS20/ASIPMeisterProjects/1/brownie/ISE_XPower/fhm_divider_w32.vhd sub00/vhpl46 1592242395
AR fhm_multiplier_w32_tconv64 synthesis /home/sajjad/SS20/ASIPMeisterProjects/1/brownie/ISE_XPower/fhm_multiplier_w32.vhd sub00/vhpl43 1592242392
AR rtg_mux2to1_w32 rtl /home/sajjad/SS20/ASIPMeisterProjects/1/brownie/ISE_XPower/rtg_mux2to1_w32.vhd sub00/vhpl87 1592242436
AR fhm_multiplier_w32_reg64 synthesis /home/sajjad/SS20/ASIPMeisterProjects/1/brownie/ISE_XPower/fhm_multiplier_w32.vhd sub00/vhpl37 1592242386
AR fhm_dummy_register_w32 logic /home/sajjad/SS20/ASIPMeisterProjects/1/brownie/ISE_XPower/fhm_dummy_register_w32.vhd sub00/vhpl75 1592242424
AR rtg_register_w2 rtl /home/sajjad/SS20/ASIPMeisterProjects/1/brownie/ISE_XPower/rtg_register_w2.vhd sub00/vhpl05 1592242354
AR fhm_multiplier_w32 synthesis /home/sajjad/SS20/ASIPMeisterProjects/1/brownie/ISE_XPower/fhm_multiplier_w32.vhd sub00/vhpl45 1592242394
AR status_reg27 synthesis /home/sajjad/SS20/ASIPMeisterProjects/1/brownie/ISE_XPower/fhm_browregfile_w32.vhd sub00/vhpl79 1592242428
