V3 221
FL /home/sajjad/SS20/ASIPMeisterProjects/1/brownie/ISE_XPower/BrownieSTD32.vhd 2020/05/03.03:05:51 O.61xd
EN work/BrownieSTD32 1592242449 \
      FL /home/sajjad/SS20/ASIPMeisterProjects/1/brownie/ISE_XPower/BrownieSTD32.vhd \
      PB ieee/std_logic_1164 1308643377
AR work/BrownieSTD32/RTL 1592242450 \
      FL /home/sajjad/SS20/ASIPMeisterProjects/1/brownie/ISE_XPower/BrownieSTD32.vhd \
      EN work/BrownieSTD32 1592242449 CP fhm_pcu_w32 CP fhm_register_w32 \
      CP fhm_mifu_w32_00 CP fhm_mifu_w32_01 CP fhm_alu_w32 CP fhm_multiplier_w32 \
      CP fhm_divider_w32 CP fhm_extender_w8 CP fhm_extender_w16 CP fhm_extender_w26 \
      CP fhm_shifter_w32 CP fhm_wire_in_w1 CP fhm_wire_out_w1 CP fhm_fwu_w32 \
      CP fhm_dummy_register_w32 CP fhm_browregfile_w32 CP rtg_controller \
      CP rtg_mux2to1_w32 CP rtg_mux3to1_w32 CP rtg_mux2to1_w5 CP rtg_mux12to1_w32 \
      CP rtg_mux5to1_w5 CP rtg_mux3to1_w5 CP rtg_register_w32 CP rtg_register_w5
FL /home/sajjad/SS20/ASIPMeisterProjects/1/brownie/ISE_XPower/dlx_toplevel.vhd 2018/12/17.18:42:32 O.61xd
EN work/dlx_toplevel 1592242451 \
      FL /home/sajjad/SS20/ASIPMeisterProjects/1/brownie/ISE_XPower/dlx_toplevel.vhd \
      PB ieee/std_logic_1164 1308643377 PB ieee/std_logic_arith 1308643378 \
      PB ieee/STD_LOGIC_UNSIGNED 1308643379 LB UNISIM PH unisim/VCOMPONENTS 1308643377
AR work/dlx_toplevel/Behavioral 1592242452 \
      FL /home/sajjad/SS20/ASIPMeisterProjects/1/brownie/ISE_XPower/dlx_toplevel.vhd \
      EN work/dlx_toplevel 1592242451 CP BrownieSTD32 CP brom_im CP bram_dm
FL /home/sajjad/SS20/ASIPMeisterProjects/1/brownie/ISE_XPower/fhm_alu_w32.vhd 2020/05/03.03:05:51 O.61xd
EN work/fhm_alu_w32_add 1592242373 \
      FL /home/sajjad/SS20/ASIPMeisterProjects/1/brownie/ISE_XPower/fhm_alu_w32.vhd \
      PB ieee/std_logic_1164 1308643377 PB ieee/STD_LOGIC_UNSIGNED 1308643379
AR work/fhm_alu_w32_add/synthesis 1592242374 \
      FL /home/sajjad/SS20/ASIPMeisterProjects/1/brownie/ISE_XPower/fhm_alu_w32.vhd \
      EN work/fhm_alu_w32_add 1592242373
EN work/fhm_alu_w32 1592242375 \
      FL /home/sajjad/SS20/ASIPMeisterProjects/1/brownie/ISE_XPower/fhm_alu_w32.vhd \
      PB ieee/std_logic_1164 1308643377 PB ieee/STD_LOGIC_UNSIGNED 1308643379 \
      PB ieee/std_logic_arith 1308643378
AR work/fhm_alu_w32/synthesis 1592242376 \
      FL /home/sajjad/SS20/ASIPMeisterProjects/1/brownie/ISE_XPower/fhm_alu_w32.vhd \
      EN work/fhm_alu_w32 1592242375 CP fhm_alu_w32_add
FL /home/sajjad/SS20/ASIPMeisterProjects/1/brownie/ISE_XPower/fhm_browregfile_w32.vhd 2020/05/03.03:05:51 O.61xd
EN work/flag_reg5 1592242425 \
      FL /home/sajjad/SS20/ASIPMeisterProjects/1/brownie/ISE_XPower/fhm_browregfile_w32.vhd \
      PB ieee/std_logic_1164 1308643377 PB ieee/STD_LOGIC_UNSIGNED 1308643379
AR work/flag_reg5/synthesis 1592242426 \
      FL /home/sajjad/SS20/ASIPMeisterProjects/1/brownie/ISE_XPower/fhm_browregfile_w32.vhd \
      EN work/flag_reg5 1592242425
EN work/status_reg27 1592242427 \
      FL /home/sajjad/SS20/ASIPMeisterProjects/1/brownie/ISE_XPower/fhm_browregfile_w32.vhd \
      PB ieee/std_logic_1164 1308643377 PB ieee/STD_LOGIC_UNSIGNED 1308643379
AR work/status_reg27/synthesis 1592242428 \
      FL /home/sajjad/SS20/ASIPMeisterProjects/1/brownie/ISE_XPower/fhm_browregfile_w32.vhd \
      EN work/status_reg27 1592242427
EN work/fhm_browregfile_w32_reg32 1592242429 \
      FL /home/sajjad/SS20/ASIPMeisterProjects/1/brownie/ISE_XPower/fhm_browregfile_w32.vhd \
      PB ieee/std_logic_1164 1308643377 PB ieee/STD_LOGIC_UNSIGNED 1308643379
AR work/fhm_browregfile_w32_reg32/synthesis 1592242430 \
      FL /home/sajjad/SS20/ASIPMeisterProjects/1/brownie/ISE_XPower/fhm_browregfile_w32.vhd \
      EN work/fhm_browregfile_w32_reg32 1592242429
EN work/fhm_browregfile_w32 1592242431 \
      FL /home/sajjad/SS20/ASIPMeisterProjects/1/brownie/ISE_XPower/fhm_browregfile_w32.vhd \
      PB ieee/std_logic_1164 1308643377
AR work/fhm_browregfile_w32/synthesis 1592242432 \
      FL /home/sajjad/SS20/ASIPMeisterProjects/1/brownie/ISE_XPower/fhm_browregfile_w32.vhd \
      EN work/fhm_browregfile_w32 1592242431 CP flag_reg5 CP status_reg27 \
      CP fhm_browregfile_w32_reg32
FL /home/sajjad/SS20/ASIPMeisterProjects/1/brownie/ISE_XPower/fhm_divider_w32.vhd 2020/05/03.03:05:51 O.61xd
EN work/fhm_divider_w32_add32 1592242395 \
      FL /home/sajjad/SS20/ASIPMeisterProjects/1/brownie/ISE_XPower/fhm_divider_w32.vhd \
      PB ieee/std_logic_1164 1308643377 PB ieee/STD_LOGIC_UNSIGNED 1308643379
AR work/fhm_divider_w32_add32/synthesis 1592242396 \
      FL /home/sajjad/SS20/ASIPMeisterProjects/1/brownie/ISE_XPower/fhm_divider_w32.vhd \
      EN work/fhm_divider_w32_add32 1592242395
EN work/fhm_divider_w32_reg32 1592242397 \
      FL /home/sajjad/SS20/ASIPMeisterProjects/1/brownie/ISE_XPower/fhm_divider_w32.vhd \
      PB ieee/std_logic_1164 1308643377 PB ieee/STD_LOGIC_UNSIGNED 1308643379
AR work/fhm_divider_w32_reg32/synthesis 1592242398 \
      FL /home/sajjad/SS20/ASIPMeisterProjects/1/brownie/ISE_XPower/fhm_divider_w32.vhd \
      EN work/fhm_divider_w32_reg32 1592242397
EN work/fhm_divider_w32_reg1 1592242399 \
      FL /home/sajjad/SS20/ASIPMeisterProjects/1/brownie/ISE_XPower/fhm_divider_w32.vhd \
      PB ieee/std_logic_1164 1308643377 PB ieee/STD_LOGIC_UNSIGNED 1308643379
AR work/fhm_divider_w32_reg1/synthesis 1592242400 \
      FL /home/sajjad/SS20/ASIPMeisterProjects/1/brownie/ISE_XPower/fhm_divider_w32.vhd \
      EN work/fhm_divider_w32_reg1 1592242399
EN work/fhm_divider_w32_lsftreg32 1592242401 \
      FL /home/sajjad/SS20/ASIPMeisterProjects/1/brownie/ISE_XPower/fhm_divider_w32.vhd \
      PB ieee/std_logic_1164 1308643377 PB ieee/STD_LOGIC_UNSIGNED 1308643379
AR work/fhm_divider_w32_lsftreg32/synthesis 1592242402 \
      FL /home/sajjad/SS20/ASIPMeisterProjects/1/brownie/ISE_XPower/fhm_divider_w32.vhd \
      EN work/fhm_divider_w32_lsftreg32 1592242401 CP fhm_divider_w32_reg32 \
      CP fhm_divider_w32_reg1
EN work/fhm_divider_w32_sdiv32 1592242403 \
      FL /home/sajjad/SS20/ASIPMeisterProjects/1/brownie/ISE_XPower/fhm_divider_w32.vhd \
      PB ieee/std_logic_1164 1308643377 PB ieee/STD_LOGIC_UNSIGNED 1308643379
AR work/fhm_divider_w32_sdiv32/synthesis 1592242404 \
      FL /home/sajjad/SS20/ASIPMeisterProjects/1/brownie/ISE_XPower/fhm_divider_w32.vhd \
      EN work/fhm_divider_w32_sdiv32 1592242403 CP fhm_divider_w32_lsftreg32 \
      CP fhm_divider_w32_add32 CP fhm_divider_w32_reg32
EN work/fhm_divider_w32_tconv32 1592242405 \
      FL /home/sajjad/SS20/ASIPMeisterProjects/1/brownie/ISE_XPower/fhm_divider_w32.vhd \
      PB ieee/std_logic_1164 1308643377 PB ieee/STD_LOGIC_UNSIGNED 1308643379
AR work/fhm_divider_w32_tconv32/synthesis 1592242406 \
      FL /home/sajjad/SS20/ASIPMeisterProjects/1/brownie/ISE_XPower/fhm_divider_w32.vhd \
      EN work/fhm_divider_w32_tconv32 1592242405 CP fhm_divider_w32_add32
EN work/fhm_divider_w32 1592242407 \
      FL /home/sajjad/SS20/ASIPMeisterProjects/1/brownie/ISE_XPower/fhm_divider_w32.vhd \
      PB ieee/std_logic_1164 1308643377 PB ieee/STD_LOGIC_UNSIGNED 1308643379
AR work/fhm_divider_w32/synthesis 1592242408 \
      FL /home/sajjad/SS20/ASIPMeisterProjects/1/brownie/ISE_XPower/fhm_divider_w32.vhd \
      EN work/fhm_divider_w32 1592242407 CP fhm_divider_w32_tconv32 \
      CP fhm_divider_w32_sdiv32 CP fhm_divider_w32_reg1
FL /home/sajjad/SS20/ASIPMeisterProjects/1/brownie/ISE_XPower/fhm_dummy_register_w32.vhd 2020/05/03.03:05:51 O.61xd
EN work/fhm_dummy_register_w32 1592242423 \
      FL /home/sajjad/SS20/ASIPMeisterProjects/1/brownie/ISE_XPower/fhm_dummy_register_w32.vhd \
      PB ieee/std_logic_1164 1308643377 PB ieee/STD_LOGIC_UNSIGNED 1308643379
AR work/fhm_dummy_register_w32/logic 1592242424 \
      FL /home/sajjad/SS20/ASIPMeisterProjects/1/brownie/ISE_XPower/fhm_dummy_register_w32.vhd \
      EN work/fhm_dummy_register_w32 1592242423
FL /home/sajjad/SS20/ASIPMeisterProjects/1/brownie/ISE_XPower/fhm_extender_w16.vhd 2020/05/03.03:05:51 O.61xd
EN work/fhm_extender_w16 1592242411 \
      FL /home/sajjad/SS20/ASIPMeisterProjects/1/brownie/ISE_XPower/fhm_extender_w16.vhd \
      PB ieee/std_logic_1164 1308643377 PB ieee/STD_LOGIC_UNSIGNED 1308643379
AR work/fhm_extender_w16/synthesis 1592242412 \
      FL /home/sajjad/SS20/ASIPMeisterProjects/1/brownie/ISE_XPower/fhm_extender_w16.vhd \
      EN work/fhm_extender_w16 1592242411
FL /home/sajjad/SS20/ASIPMeisterProjects/1/brownie/ISE_XPower/fhm_extender_w26.vhd 2020/05/03.03:05:51 O.61xd
EN work/fhm_extender_w26 1592242413 \
      FL /home/sajjad/SS20/ASIPMeisterProjects/1/brownie/ISE_XPower/fhm_extender_w26.vhd \
      PB ieee/std_logic_1164 1308643377 PB ieee/STD_LOGIC_UNSIGNED 1308643379
AR work/fhm_extender_w26/synthesis 1592242414 \
      FL /home/sajjad/SS20/ASIPMeisterProjects/1/brownie/ISE_XPower/fhm_extender_w26.vhd \
      EN work/fhm_extender_w26 1592242413
FL /home/sajjad/SS20/ASIPMeisterProjects/1/brownie/ISE_XPower/fhm_extender_w8.vhd 2020/05/03.03:05:51 O.61xd
EN work/fhm_extender_w8 1592242409 \
      FL /home/sajjad/SS20/ASIPMeisterProjects/1/brownie/ISE_XPower/fhm_extender_w8.vhd \
      PB ieee/std_logic_1164 1308643377 PB ieee/STD_LOGIC_UNSIGNED 1308643379
AR work/fhm_extender_w8/synthesis 1592242410 \
      FL /home/sajjad/SS20/ASIPMeisterProjects/1/brownie/ISE_XPower/fhm_extender_w8.vhd \
      EN work/fhm_extender_w8 1592242409
FL /home/sajjad/SS20/ASIPMeisterProjects/1/brownie/ISE_XPower/fhm_fwu_w32.vhd 2020/05/03.03:05:51 O.61xd
EN work/fhm_fwu_w32 1592242421 \
      FL /home/sajjad/SS20/ASIPMeisterProjects/1/brownie/ISE_XPower/fhm_fwu_w32.vhd \
      PB ieee/std_logic_1164 1308643377
AR work/fhm_fwu_w32/synthesis 1592242422 \
      FL /home/sajjad/SS20/ASIPMeisterProjects/1/brownie/ISE_XPower/fhm_fwu_w32.vhd \
      EN work/fhm_fwu_w32 1592242421
FL /home/sajjad/SS20/ASIPMeisterProjects/1/brownie/ISE_XPower/fhm_mifu_w32_00.vhd 2020/05/03.03:05:51 O.61xd
EN work/fhm_mifu_w32_00 1592242369 \
      FL /home/sajjad/SS20/ASIPMeisterProjects/1/brownie/ISE_XPower/fhm_mifu_w32_00.vhd \
      PB ieee/std_logic_1164 1308643377
AR work/fhm_mifu_w32_00/synthesis 1592242370 \
      FL /home/sajjad/SS20/ASIPMeisterProjects/1/brownie/ISE_XPower/fhm_mifu_w32_00.vhd \
      EN work/fhm_mifu_w32_00 1592242369
FL /home/sajjad/SS20/ASIPMeisterProjects/1/brownie/ISE_XPower/fhm_mifu_w32_01.vhd 2020/05/03.03:05:51 O.61xd
EN work/fhm_mifu_w32_01 1592242371 \
      FL /home/sajjad/SS20/ASIPMeisterProjects/1/brownie/ISE_XPower/fhm_mifu_w32_01.vhd \
      PB ieee/std_logic_1164 1308643377
AR work/fhm_mifu_w32_01/synthesis 1592242372 \
      FL /home/sajjad/SS20/ASIPMeisterProjects/1/brownie/ISE_XPower/fhm_mifu_w32_01.vhd \
      EN work/fhm_mifu_w32_01 1592242371
FL /home/sajjad/SS20/ASIPMeisterProjects/1/brownie/ISE_XPower/fhm_multiplier_w32.vhd 2020/05/03.03:05:51 O.61xd
EN work/fhm_multiplier_w32_reg1 1592242377 \
      FL /home/sajjad/SS20/ASIPMeisterProjects/1/brownie/ISE_XPower/fhm_multiplier_w32.vhd \
      PB ieee/std_logic_1164 1308643377 PB ieee/STD_LOGIC_UNSIGNED 1308643379
AR work/fhm_multiplier_w32_reg1/synthesis 1592242378 \
      FL /home/sajjad/SS20/ASIPMeisterProjects/1/brownie/ISE_XPower/fhm_multiplier_w32.vhd \
      EN work/fhm_multiplier_w32_reg1 1592242377
EN work/fhm_multiplier_w32_add32 1592242379 \
      FL /home/sajjad/SS20/ASIPMeisterProjects/1/brownie/ISE_XPower/fhm_multiplier_w32.vhd \
      PB ieee/std_logic_1164 1308643377 PB ieee/STD_LOGIC_UNSIGNED 1308643379
AR work/fhm_multiplier_w32_add32/synthesis 1592242380 \
      FL /home/sajjad/SS20/ASIPMeisterProjects/1/brownie/ISE_XPower/fhm_multiplier_w32.vhd \
      EN work/fhm_multiplier_w32_add32 1592242379
EN work/fhm_multiplier_w32_add64 1592242381 \
      FL /home/sajjad/SS20/ASIPMeisterProjects/1/brownie/ISE_XPower/fhm_multiplier_w32.vhd \
      PB ieee/std_logic_1164 1308643377 PB ieee/STD_LOGIC_UNSIGNED 1308643379
AR work/fhm_multiplier_w32_add64/synthesis 1592242382 \
      FL /home/sajjad/SS20/ASIPMeisterProjects/1/brownie/ISE_XPower/fhm_multiplier_w32.vhd \
      EN work/fhm_multiplier_w32_add64 1592242381
EN work/fhm_multiplier_w32_reg32 1592242383 \
      FL /home/sajjad/SS20/ASIPMeisterProjects/1/brownie/ISE_XPower/fhm_multiplier_w32.vhd \
      PB ieee/std_logic_1164 1308643377 PB ieee/STD_LOGIC_UNSIGNED 1308643379
AR work/fhm_multiplier_w32_reg32/synthesis 1592242384 \
      FL /home/sajjad/SS20/ASIPMeisterProjects/1/brownie/ISE_XPower/fhm_multiplier_w32.vhd \
      EN work/fhm_multiplier_w32_reg32 1592242383
EN work/fhm_multiplier_w32_reg64 1592242385 \
      FL /home/sajjad/SS20/ASIPMeisterProjects/1/brownie/ISE_XPower/fhm_multiplier_w32.vhd \
      PB ieee/std_logic_1164 1308643377 PB ieee/STD_LOGIC_UNSIGNED 1308643379
AR work/fhm_multiplier_w32_reg64/synthesis 1592242386 \
      FL /home/sajjad/SS20/ASIPMeisterProjects/1/brownie/ISE_XPower/fhm_multiplier_w32.vhd \
      EN work/fhm_multiplier_w32_reg64 1592242385
EN work/fhm_multiplier_w32_smul 1592242387 \
      FL /home/sajjad/SS20/ASIPMeisterProjects/1/brownie/ISE_XPower/fhm_multiplier_w32.vhd \
      PB ieee/std_logic_1164 1308643377 PB ieee/STD_LOGIC_UNSIGNED 1308643379
AR work/fhm_multiplier_w32_smul/synthesis 1592242388 \
      FL /home/sajjad/SS20/ASIPMeisterProjects/1/brownie/ISE_XPower/fhm_multiplier_w32.vhd \
      EN work/fhm_multiplier_w32_smul 1592242387 CP fhm_multiplier_w32_reg32 \
      CP fhm_multiplier_w32_add64 CP fhm_multiplier_w32_reg64
EN work/fhm_multiplier_w32_tconv32 1592242389 \
      FL /home/sajjad/SS20/ASIPMeisterProjects/1/brownie/ISE_XPower/fhm_multiplier_w32.vhd \
      PB ieee/std_logic_1164 1308643377 PB ieee/STD_LOGIC_UNSIGNED 1308643379
AR work/fhm_multiplier_w32_tconv32/synthesis 1592242390 \
      FL /home/sajjad/SS20/ASIPMeisterProjects/1/brownie/ISE_XPower/fhm_multiplier_w32.vhd \
      EN work/fhm_multiplier_w32_tconv32 1592242389 CP fhm_multiplier_w32_add32
EN work/fhm_multiplier_w32_tconv64 1592242391 \
      FL /home/sajjad/SS20/ASIPMeisterProjects/1/brownie/ISE_XPower/fhm_multiplier_w32.vhd \
      PB ieee/std_logic_1164 1308643377 PB ieee/STD_LOGIC_UNSIGNED 1308643379
AR work/fhm_multiplier_w32_tconv64/synthesis 1592242392 \
      FL /home/sajjad/SS20/ASIPMeisterProjects/1/brownie/ISE_XPower/fhm_multiplier_w32.vhd \
      EN work/fhm_multiplier_w32_tconv64 1592242391 CP fhm_multiplier_w32_add64
EN work/fhm_multiplier_w32 1592242393 \
      FL /home/sajjad/SS20/ASIPMeisterProjects/1/brownie/ISE_XPower/fhm_multiplier_w32.vhd \
      PB ieee/std_logic_1164 1308643377 PB ieee/STD_LOGIC_UNSIGNED 1308643379
AR work/fhm_multiplier_w32/synthesis 1592242394 \
      FL /home/sajjad/SS20/ASIPMeisterProjects/1/brownie/ISE_XPower/fhm_multiplier_w32.vhd \
      EN work/fhm_multiplier_w32 1592242393 CP fhm_multiplier_w32_reg1 \
      CP fhm_multiplier_w32_tconv32 CP fhm_multiplier_w32_smul \
      CP fhm_multiplier_w32_tconv64
FL /home/sajjad/SS20/ASIPMeisterProjects/1/brownie/ISE_XPower/fhm_pcu_w32.vhd 2020/05/03.03:05:51 O.61xd
EN work/fhm_pcu_w32_add32 1592242361 \
      FL /home/sajjad/SS20/ASIPMeisterProjects/1/brownie/ISE_XPower/fhm_pcu_w32.vhd \
      PB ieee/std_logic_1164 1308643377 PB ieee/STD_LOGIC_UNSIGNED 1308643379
AR work/fhm_pcu_w32_add32/synthesis 1592242362 \
      FL /home/sajjad/SS20/ASIPMeisterProjects/1/brownie/ISE_XPower/fhm_pcu_w32.vhd \
      EN work/fhm_pcu_w32_add32 1592242361
EN work/fhm_pcu_w32_reg32 1592242363 \
      FL /home/sajjad/SS20/ASIPMeisterProjects/1/brownie/ISE_XPower/fhm_pcu_w32.vhd \
      PB ieee/std_logic_1164 1308643377 PB ieee/STD_LOGIC_UNSIGNED 1308643379
AR work/fhm_pcu_w32_reg32/synthesis 1592242364 \
      FL /home/sajjad/SS20/ASIPMeisterProjects/1/brownie/ISE_XPower/fhm_pcu_w32.vhd \
      EN work/fhm_pcu_w32_reg32 1592242363
EN work/fhm_pcu_w32 1592242365 \
      FL /home/sajjad/SS20/ASIPMeisterProjects/1/brownie/ISE_XPower/fhm_pcu_w32.vhd \
      PB ieee/std_logic_1164 1308643377 PB ieee/std_logic_arith 1308643378 \
      PB ieee/STD_LOGIC_SIGNED 1308643379
AR work/fhm_pcu_w32/synthesis 1592242366 \
      FL /home/sajjad/SS20/ASIPMeisterProjects/1/brownie/ISE_XPower/fhm_pcu_w32.vhd \
      EN work/fhm_pcu_w32 1592242365 CP fhm_pcu_w32_add32 CP fhm_pcu_w32_reg32
FL /home/sajjad/SS20/ASIPMeisterProjects/1/brownie/ISE_XPower/fhm_register_w32.vhd 2020/05/03.03:05:51 O.61xd
EN work/fhm_register_w32 1592242367 \
      FL /home/sajjad/SS20/ASIPMeisterProjects/1/brownie/ISE_XPower/fhm_register_w32.vhd \
      PB ieee/std_logic_1164 1308643377 PB ieee/STD_LOGIC_UNSIGNED 1308643379
AR work/fhm_register_w32/logic 1592242368 \
      FL /home/sajjad/SS20/ASIPMeisterProjects/1/brownie/ISE_XPower/fhm_register_w32.vhd \
      EN work/fhm_register_w32 1592242367
FL /home/sajjad/SS20/ASIPMeisterProjects/1/brownie/ISE_XPower/fhm_shifter_w32.vhd 2020/05/03.03:05:51 O.61xd
EN work/fhm_shifter_w32 1592242415 \
      FL /home/sajjad/SS20/ASIPMeisterProjects/1/brownie/ISE_XPower/fhm_shifter_w32.vhd \
      PB ieee/std_logic_1164 1308643377 PB ieee/std_logic_arith 1308643378 \
      PB ieee/STD_LOGIC_UNSIGNED 1308643379
AR work/fhm_shifter_w32/synthesis 1592242416 \
      FL /home/sajjad/SS20/ASIPMeisterProjects/1/brownie/ISE_XPower/fhm_shifter_w32.vhd \
      EN work/fhm_shifter_w32 1592242415
FL /home/sajjad/SS20/ASIPMeisterProjects/1/brownie/ISE_XPower/fhm_wire_in_w1.vhd 2020/05/03.03:05:51 O.61xd
EN work/fhm_wire_in_w1 1592242417 \
      FL /home/sajjad/SS20/ASIPMeisterProjects/1/brownie/ISE_XPower/fhm_wire_in_w1.vhd \
      PB ieee/std_logic_1164 1308643377
AR work/fhm_wire_in_w1/synthesis 1592242418 \
      FL /home/sajjad/SS20/ASIPMeisterProjects/1/brownie/ISE_XPower/fhm_wire_in_w1.vhd \
      EN work/fhm_wire_in_w1 1592242417
FL /home/sajjad/SS20/ASIPMeisterProjects/1/brownie/ISE_XPower/fhm_wire_out_w1.vhd 2020/05/03.03:05:51 O.61xd
EN work/fhm_wire_out_w1 1592242419 \
      FL /home/sajjad/SS20/ASIPMeisterProjects/1/brownie/ISE_XPower/fhm_wire_out_w1.vhd \
      PB ieee/std_logic_1164 1308643377
AR work/fhm_wire_out_w1/synthesis 1592242420 \
      FL /home/sajjad/SS20/ASIPMeisterProjects/1/brownie/ISE_XPower/fhm_wire_out_w1.vhd \
      EN work/fhm_wire_out_w1 1592242419
FL /home/sajjad/SS20/ASIPMeisterProjects/1/brownie/ISE_XPower/rtg_controller.vhd 2020/05/03.03:05:51 O.61xd
EN work/rtg_controller 1592242433 \
      FL /home/sajjad/SS20/ASIPMeisterProjects/1/brownie/ISE_XPower/rtg_controller.vhd \
      PB ieee/std_logic_1164 1308643377
AR work/rtg_controller/RTL 1592242434 \
      FL /home/sajjad/SS20/ASIPMeisterProjects/1/brownie/ISE_XPower/rtg_controller.vhd \
      EN work/rtg_controller 1592242433 CP rtg_proc_fsm CP rtg_register_w1 \
      CP rtg_register_w2 CP rtg_register_w32 CP rtg_register_w64 \
      CP rtg_register_w14
FL /home/sajjad/SS20/ASIPMeisterProjects/1/brownie/ISE_XPower/rtg_mux12to1_w32.vhd 2020/05/03.03:05:51 O.61xd
EN work/rtg_mux12to1_w32 1592242441 \
      FL /home/sajjad/SS20/ASIPMeisterProjects/1/brownie/ISE_XPower/rtg_mux12to1_w32.vhd \
      PB ieee/std_logic_1164 1308643377
AR work/rtg_mux12to1_w32/RTL 1592242442 \
      FL /home/sajjad/SS20/ASIPMeisterProjects/1/brownie/ISE_XPower/rtg_mux12to1_w32.vhd \
      EN work/rtg_mux12to1_w32 1592242441
FL /home/sajjad/SS20/ASIPMeisterProjects/1/brownie/ISE_XPower/rtg_mux2to1_w32.vhd 2020/05/03.03:05:51 O.61xd
EN work/rtg_mux2to1_w32 1592242435 \
      FL /home/sajjad/SS20/ASIPMeisterProjects/1/brownie/ISE_XPower/rtg_mux2to1_w32.vhd \
      PB ieee/std_logic_1164 1308643377
AR work/rtg_mux2to1_w32/RTL 1592242436 \
      FL /home/sajjad/SS20/ASIPMeisterProjects/1/brownie/ISE_XPower/rtg_mux2to1_w32.vhd \
      EN work/rtg_mux2to1_w32 1592242435
FL /home/sajjad/SS20/ASIPMeisterProjects/1/brownie/ISE_XPower/rtg_mux2to1_w5.vhd 2020/05/03.03:05:51 O.61xd
EN work/rtg_mux2to1_w5 1592242439 \
      FL /home/sajjad/SS20/ASIPMeisterProjects/1/brownie/ISE_XPower/rtg_mux2to1_w5.vhd \
      PB ieee/std_logic_1164 1308643377
AR work/rtg_mux2to1_w5/RTL 1592242440 \
      FL /home/sajjad/SS20/ASIPMeisterProjects/1/brownie/ISE_XPower/rtg_mux2to1_w5.vhd \
      EN work/rtg_mux2to1_w5 1592242439
FL /home/sajjad/SS20/ASIPMeisterProjects/1/brownie/ISE_XPower/rtg_mux3to1_w32.vhd 2020/05/03.03:05:51 O.61xd
EN work/rtg_mux3to1_w32 1592242437 \
      FL /home/sajjad/SS20/ASIPMeisterProjects/1/brownie/ISE_XPower/rtg_mux3to1_w32.vhd \
      PB ieee/std_logic_1164 1308643377
AR work/rtg_mux3to1_w32/RTL 1592242438 \
      FL /home/sajjad/SS20/ASIPMeisterProjects/1/brownie/ISE_XPower/rtg_mux3to1_w32.vhd \
      EN work/rtg_mux3to1_w32 1592242437
FL /home/sajjad/SS20/ASIPMeisterProjects/1/brownie/ISE_XPower/rtg_mux3to1_w5.vhd 2020/05/03.03:05:51 O.61xd
EN work/rtg_mux3to1_w5 1592242445 \
      FL /home/sajjad/SS20/ASIPMeisterProjects/1/brownie/ISE_XPower/rtg_mux3to1_w5.vhd \
      PB ieee/std_logic_1164 1308643377
AR work/rtg_mux3to1_w5/RTL 1592242446 \
      FL /home/sajjad/SS20/ASIPMeisterProjects/1/brownie/ISE_XPower/rtg_mux3to1_w5.vhd \
      EN work/rtg_mux3to1_w5 1592242445
FL /home/sajjad/SS20/ASIPMeisterProjects/1/brownie/ISE_XPower/rtg_mux5to1_w5.vhd 2020/05/03.03:05:51 O.61xd
EN work/rtg_mux5to1_w5 1592242443 \
      FL /home/sajjad/SS20/ASIPMeisterProjects/1/brownie/ISE_XPower/rtg_mux5to1_w5.vhd \
      PB ieee/std_logic_1164 1308643377
AR work/rtg_mux5to1_w5/RTL 1592242444 \
      FL /home/sajjad/SS20/ASIPMeisterProjects/1/brownie/ISE_XPower/rtg_mux5to1_w5.vhd \
      EN work/rtg_mux5to1_w5 1592242443
FL /home/sajjad/SS20/ASIPMeisterProjects/1/brownie/ISE_XPower/rtg_proc_fsm.vhd 2020/05/03.03:05:51 O.61xd
EN work/rtg_proc_fsm 1592242349 \
      FL /home/sajjad/SS20/ASIPMeisterProjects/1/brownie/ISE_XPower/rtg_proc_fsm.vhd \
      PB ieee/std_logic_1164 1308643377
AR work/rtg_proc_fsm/RTL 1592242350 \
      FL /home/sajjad/SS20/ASIPMeisterProjects/1/brownie/ISE_XPower/rtg_proc_fsm.vhd \
      EN work/rtg_proc_fsm 1592242349
FL /home/sajjad/SS20/ASIPMeisterProjects/1/brownie/ISE_XPower/rtg_register_w1.vhd 2020/05/03.03:05:51 O.61xd
EN work/rtg_register_w1 1592242351 \
      FL /home/sajjad/SS20/ASIPMeisterProjects/1/brownie/ISE_XPower/rtg_register_w1.vhd \
      PB ieee/std_logic_1164 1308643377
AR work/rtg_register_w1/RTL 1592242352 \
      FL /home/sajjad/SS20/ASIPMeisterProjects/1/brownie/ISE_XPower/rtg_register_w1.vhd \
      EN work/rtg_register_w1 1592242351
FL /home/sajjad/SS20/ASIPMeisterProjects/1/brownie/ISE_XPower/rtg_register_w14.vhd 2020/05/03.03:05:51 O.61xd
EN work/rtg_register_w14 1592242359 \
      FL /home/sajjad/SS20/ASIPMeisterProjects/1/brownie/ISE_XPower/rtg_register_w14.vhd \
      PB ieee/std_logic_1164 1308643377
AR work/rtg_register_w14/RTL 1592242360 \
      FL /home/sajjad/SS20/ASIPMeisterProjects/1/brownie/ISE_XPower/rtg_register_w14.vhd \
      EN work/rtg_register_w14 1592242359
FL /home/sajjad/SS20/ASIPMeisterProjects/1/brownie/ISE_XPower/rtg_register_w2.vhd 2020/05/03.03:05:51 O.61xd
EN work/rtg_register_w2 1592242353 \
      FL /home/sajjad/SS20/ASIPMeisterProjects/1/brownie/ISE_XPower/rtg_register_w2.vhd \
      PB ieee/std_logic_1164 1308643377
AR work/rtg_register_w2/RTL 1592242354 \
      FL /home/sajjad/SS20/ASIPMeisterProjects/1/brownie/ISE_XPower/rtg_register_w2.vhd \
      EN work/rtg_register_w2 1592242353
FL /home/sajjad/SS20/ASIPMeisterProjects/1/brownie/ISE_XPower/rtg_register_w32.vhd 2020/05/03.03:05:51 O.61xd
EN work/rtg_register_w32 1592242355 \
      FL /home/sajjad/SS20/ASIPMeisterProjects/1/brownie/ISE_XPower/rtg_register_w32.vhd \
      PB ieee/std_logic_1164 1308643377
AR work/rtg_register_w32/RTL 1592242356 \
      FL /home/sajjad/SS20/ASIPMeisterProjects/1/brownie/ISE_XPower/rtg_register_w32.vhd \
      EN work/rtg_register_w32 1592242355
FL /home/sajjad/SS20/ASIPMeisterProjects/1/brownie/ISE_XPower/rtg_register_w5.vhd 2020/05/03.03:05:51 O.61xd
EN work/rtg_register_w5 1592242447 \
      FL /home/sajjad/SS20/ASIPMeisterProjects/1/brownie/ISE_XPower/rtg_register_w5.vhd \
      PB ieee/std_logic_1164 1308643377
AR work/rtg_register_w5/RTL 1592242448 \
      FL /home/sajjad/SS20/ASIPMeisterProjects/1/brownie/ISE_XPower/rtg_register_w5.vhd \
      EN work/rtg_register_w5 1592242447
FL /home/sajjad/SS20/ASIPMeisterProjects/1/brownie/ISE_XPower/rtg_register_w64.vhd 2020/05/03.03:05:51 O.61xd
EN work/rtg_register_w64 1592242357 \
      FL /home/sajjad/SS20/ASIPMeisterProjects/1/brownie/ISE_XPower/rtg_register_w64.vhd \
      PB ieee/std_logic_1164 1308643377
AR work/rtg_register_w64/RTL 1592242358 \
      FL /home/sajjad/SS20/ASIPMeisterProjects/1/brownie/ISE_XPower/rtg_register_w64.vhd \
      EN work/rtg_register_w64 1592242357
FL /home/sajjad/WS18/ASIPMeisterProjects/1/brownie/ISE_XPower/BrownieSTD32.vhd 2018/12/03.18:20:54 O.61xd
FL /home/sajjad/WS18/ASIPMeisterProjects/1/brownie/ISE_XPower/fhm_alu_w32.vhd 2018/12/03.18:20:54 O.61xd
FL /home/sajjad/WS18/ASIPMeisterProjects/1/brownie/ISE_XPower/fhm_browregfile_w32.vhd 2018/12/03.18:20:54 O.61xd
FL /home/sajjad/WS18/ASIPMeisterProjects/1/brownie/ISE_XPower/fhm_divider_w32.vhd 2018/12/03.18:20:54 O.61xd
FL /home/sajjad/WS18/ASIPMeisterProjects/1/brownie/ISE_XPower/fhm_dummy_register_w32.vhd 2018/12/03.18:20:54 O.61xd
FL /home/sajjad/WS18/ASIPMeisterProjects/1/brownie/ISE_XPower/fhm_extender_w16.vhd 2018/12/03.18:20:54 O.61xd
FL /home/sajjad/WS18/ASIPMeisterProjects/1/brownie/ISE_XPower/fhm_extender_w26.vhd 2018/12/03.18:20:54 O.61xd
FL /home/sajjad/WS18/ASIPMeisterProjects/1/brownie/ISE_XPower/fhm_extender_w8.vhd 2018/12/03.18:20:54 O.61xd
FL /home/sajjad/WS18/ASIPMeisterProjects/1/brownie/ISE_XPower/fhm_fwu_w32.vhd 2018/12/03.18:20:54 O.61xd
FL /home/sajjad/WS18/ASIPMeisterProjects/1/brownie/ISE_XPower/fhm_mifu_w32_00.vhd 2018/12/03.18:20:54 O.61xd
FL /home/sajjad/WS18/ASIPMeisterProjects/1/brownie/ISE_XPower/fhm_mifu_w32_01.vhd 2018/12/03.18:20:54 O.61xd
FL /home/sajjad/WS18/ASIPMeisterProjects/1/brownie/ISE_XPower/fhm_multiplier_w32.vhd 2018/12/03.18:20:54 O.61xd
FL /home/sajjad/WS18/ASIPMeisterProjects/1/brownie/ISE_XPower/fhm_pcu_w32.vhd 2018/12/03.18:20:54 O.61xd
FL /home/sajjad/WS18/ASIPMeisterProjects/1/brownie/ISE_XPower/fhm_register_w32.vhd 2018/12/03.18:20:54 O.61xd
FL /home/sajjad/WS18/ASIPMeisterProjects/1/brownie/ISE_XPower/fhm_shifter_w32.vhd 2018/12/03.18:20:54 O.61xd
FL /home/sajjad/WS18/ASIPMeisterProjects/1/brownie/ISE_XPower/fhm_wire_in_w1.vhd 2018/12/03.18:20:54 O.61xd
FL /home/sajjad/WS18/ASIPMeisterProjects/1/brownie/ISE_XPower/fhm_wire_out_w1.vhd 2018/12/03.18:20:54 O.61xd
FL /home/sajjad/WS18/ASIPMeisterProjects/1/brownie/ISE_XPower/rtg_controller.vhd 2018/12/03.18:20:54 O.61xd
FL /home/sajjad/WS18/ASIPMeisterProjects/1/brownie/ISE_XPower/rtg_mux12to1_w32.vhd 2018/12/03.18:20:54 O.61xd
FL /home/sajjad/WS18/ASIPMeisterProjects/1/brownie/ISE_XPower/rtg_mux2to1_w32.vhd 2018/12/03.18:20:54 O.61xd
FL /home/sajjad/WS18/ASIPMeisterProjects/1/brownie/ISE_XPower/rtg_mux2to1_w5.vhd 2018/12/03.18:20:54 O.61xd
FL /home/sajjad/WS18/ASIPMeisterProjects/1/brownie/ISE_XPower/rtg_mux3to1_w32.vhd 2018/12/03.18:20:54 O.61xd
FL /home/sajjad/WS18/ASIPMeisterProjects/1/brownie/ISE_XPower/rtg_mux3to1_w5.vhd 2018/12/03.18:20:54 O.61xd
FL /home/sajjad/WS18/ASIPMeisterProjects/1/brownie/ISE_XPower/rtg_mux5to1_w5.vhd 2018/12/03.18:20:54 O.61xd
FL /home/sajjad/WS18/ASIPMeisterProjects/1/brownie/ISE_XPower/rtg_proc_fsm.vhd 2018/12/03.18:20:54 O.61xd
FL /home/sajjad/WS18/ASIPMeisterProjects/1/brownie/ISE_XPower/rtg_register_w1.vhd 2018/12/03.18:20:54 O.61xd
FL /home/sajjad/WS18/ASIPMeisterProjects/1/brownie/ISE_XPower/rtg_register_w14.vhd 2018/12/03.18:20:54 O.61xd
FL /home/sajjad/WS18/ASIPMeisterProjects/1/brownie/ISE_XPower/rtg_register_w2.vhd 2018/12/03.18:20:54 O.61xd
FL /home/sajjad/WS18/ASIPMeisterProjects/1/brownie/ISE_XPower/rtg_register_w32.vhd 2018/12/03.18:20:54 O.61xd
FL /home/sajjad/WS18/ASIPMeisterProjects/1/brownie/ISE_XPower/rtg_register_w5.vhd 2018/12/03.18:20:54 O.61xd
FL /home/sajjad/WS18/ASIPMeisterProjects/1/brownie/ISE_XPower/rtg_register_w64.vhd 2018/12/03.18:20:54 O.61xd
