V3 275
FL /home/sajjad/SS20/ASIPMeisterProjects/8/brownieArea/ISE_Framework/AudioOut_TopLevel.vhd 2020/06/18.17:33:20 O.61xd
EN work/AudioOut_TopLevel 1592518682 \
      FL /home/sajjad/SS20/ASIPMeisterProjects/8/brownieArea/ISE_Framework/AudioOut_TopLevel.vhd \
      PB ieee/std_logic_1164 1308643377 PB ieee/std_logic_arith 1308643378 \
      PB ieee/STD_LOGIC_UNSIGNED 1308643379 PH work/AudioOut_types 1592518567
AR work/AudioOut_TopLevel/STRUCTURE 1592518683 \
      FL /home/sajjad/SS20/ASIPMeisterProjects/8/brownieArea/ISE_Framework/AudioOut_TopLevel.vhd \
      EN work/AudioOut_TopLevel 1592518682 CP DigitalAnalogConverter \
      CP audio_out_fifo
FL /home/sajjad/SS20/ASIPMeisterProjects/8/brownieArea/ISE_Framework/AudioOut_Types.vhd 2008/08/01.21:36:16 O.61xd
PH work/AudioOut_types 1592518567 \
      FL /home/sajjad/SS20/ASIPMeisterProjects/8/brownieArea/ISE_Framework/AudioOut_Types.vhd \
      PB ieee/std_logic_1164 1308643377 PB ieee/std_logic_arith 1308643378 \
      PB ieee/STD_LOGIC_UNSIGNED 1308643379
FL /home/sajjad/SS20/ASIPMeisterProjects/8/brownieArea/ISE_Framework/bram_dm.vhd 2020/06/18.17:33:20 O.61xd
EN work/bram_dm 1592518674 \
      FL /home/sajjad/SS20/ASIPMeisterProjects/8/brownieArea/ISE_Framework/bram_dm.vhd \
      PB ieee/std_logic_1164 1308643377
AR work/bram_dm/bram_dm_a 1592518675 \
      FL /home/sajjad/SS20/ASIPMeisterProjects/8/brownieArea/ISE_Framework/bram_dm.vhd \
      EN work/bram_dm 1592518674
FL /home/sajjad/SS20/ASIPMeisterProjects/8/brownieArea/ISE_Framework/brom_im.vhd 2020/06/18.17:33:20 O.61xd
EN work/brom_im 1592518672 \
      FL /home/sajjad/SS20/ASIPMeisterProjects/8/brownieArea/ISE_Framework/brom_im.vhd \
      PB ieee/std_logic_1164 1308643377
AR work/brom_im/brom_im_a 1592518673 \
      FL /home/sajjad/SS20/ASIPMeisterProjects/8/brownieArea/ISE_Framework/brom_im.vhd \
      EN work/brom_im 1592518672
FL /home/sajjad/SS20/ASIPMeisterProjects/8/brownieArea/ISE_Framework/BrownieSTD32.vhd 2020/06/18.17:57:26 O.61xd
EN work/BrownieSTD32 1592518670 \
      FL /home/sajjad/SS20/ASIPMeisterProjects/8/brownieArea/ISE_Framework/BrownieSTD32.vhd \
      PB ieee/std_logic_1164 1308643377
AR work/BrownieSTD32/RTL 1592518671 \
      FL /home/sajjad/SS20/ASIPMeisterProjects/8/brownieArea/ISE_Framework/BrownieSTD32.vhd \
      EN work/BrownieSTD32 1592518670 CP fhm_pcu_w32 CP fhm_register_w32 \
      CP fhm_mifu_w32_00 CP fhm_mifu_w32_01 CP fhm_alu_w32 CP fhm_multiplier_w32 \
      CP fhm_divider_w32 CP fhm_extender_w8 CP fhm_extender_w16 CP fhm_extender_w26 \
      CP fhm_shifter_w32 CP fhm_wire_in_w1 CP fhm_wire_out_w1 CP fhm_fwu_w32 \
      CP fhm_dummy_register_w32 CP fhm_browregfile_w32 CP rtg_controller \
      CP rtg_mux2to1_w32 CP rtg_mux3to1_w32 CP rtg_mux2to1_w5 CP rtg_mux11to1_w32 \
      CP rtg_mux5to1_w5 CP rtg_mux3to1_w5 CP rtg_register_w32 CP rtg_register_w5
FL /home/sajjad/SS20/ASIPMeisterProjects/8/brownieArea/ISE_Framework/clk_div.vhd 2020/06/18.17:33:20 O.61xd
EN work/clk_div 1592518684 \
      FL /home/sajjad/SS20/ASIPMeisterProjects/8/brownieArea/ISE_Framework/clk_div.vhd \
      PB ieee/std_logic_1164 1308643377 PB ieee/std_logic_arith 1308643378 \
      PB ieee/STD_LOGIC_UNSIGNED 1308643379
AR work/clk_div/Behavioral 1592518685 \
      FL /home/sajjad/SS20/ASIPMeisterProjects/8/brownieArea/ISE_Framework/clk_div.vhd \
      EN work/clk_div 1592518684
FL /home/sajjad/SS20/ASIPMeisterProjects/8/brownieArea/ISE_Framework/Debouncer.vhd 2020/06/18.17:33:20 O.61xd
EN work/Debouncer 1592518690 \
      FL /home/sajjad/SS20/ASIPMeisterProjects/8/brownieArea/ISE_Framework/Debouncer.vhd \
      PB ieee/std_logic_1164 1308643377 PB ieee/std_logic_arith 1308643378 \
      PB ieee/STD_LOGIC_UNSIGNED 1308643379
AR work/Debouncer/Behavioral 1592518691 \
      FL /home/sajjad/SS20/ASIPMeisterProjects/8/brownieArea/ISE_Framework/Debouncer.vhd \
      EN work/Debouncer 1592518690
FL /home/sajjad/SS20/ASIPMeisterProjects/8/brownieArea/ISE_Framework/DigitalAnalogConverter.vhd 2018/10/24.14:15:17 O.61xd
EN work/DigitalAnalogConverter 1592518568 \
      FL /home/sajjad/SS20/ASIPMeisterProjects/8/brownieArea/ISE_Framework/DigitalAnalogConverter.vhd \
      PB ieee/std_logic_1164 1308643377 PB ieee/std_logic_arith 1308643378 \
      PB ieee/STD_LOGIC_UNSIGNED 1308643379
AR work/DigitalAnalogConverter/Behavioral 1592518569 \
      FL /home/sajjad/SS20/ASIPMeisterProjects/8/brownieArea/ISE_Framework/DigitalAnalogConverter.vhd \
      EN work/DigitalAnalogConverter 1592518568
FL /home/sajjad/SS20/ASIPMeisterProjects/8/brownieArea/ISE_Framework/dlxTypes.vhd 2011/09/16.11:04:14 O.61xd
PH work/dlxTypes 1592518668 \
      FL /home/sajjad/SS20/ASIPMeisterProjects/8/brownieArea/ISE_Framework/dlxTypes.vhd \
      PB ieee/std_logic_1164 1308643377
PB work/dlxTypes 1592518669 \
      FL /home/sajjad/SS20/ASIPMeisterProjects/8/brownieArea/ISE_Framework/dlxTypes.vhd \
      PH work/dlxTypes 1592518668
FL /home/sajjad/SS20/ASIPMeisterProjects/8/brownieArea/ISE_Framework/dlx_toplevel.vhd 2020/06/18.17:33:20 O.61xd
EN work/dlx_toplevel 1592518692 \
      FL /home/sajjad/SS20/ASIPMeisterProjects/8/brownieArea/ISE_Framework/dlx_toplevel.vhd \
      PB ieee/std_logic_1164 1308643377 PB ieee/std_logic_arith 1308643378 \
      PB ieee/STD_LOGIC_UNSIGNED 1308643379 LB UNISIM PH unisim/VCOMPONENTS 1308643377 \
      PB work/MemoryMapperTypes 1592518579 PH work/AudioOut_types 1592518567 \
      PB work/dlxTypes 1592518669
AR work/dlx_toplevel/Behavioral 1592518693 \
      FL /home/sajjad/SS20/ASIPMeisterProjects/8/brownieArea/ISE_Framework/dlx_toplevel.vhd \
      EN work/dlx_toplevel 1592518692 CP BrownieSTD32 CP brom_im CP bram_dm \
      CP MemoryMapper CP interface_asipmeister_i2c CP i2c_toplevel \
      CP AudioOut_TopLevel CP clk_div CP kcuart_tx CP kcuart_rx CP Debouncer \
      CP DCM_100 CP DCM_33
FL /home/sajjad/SS20/ASIPMeisterProjects/8/brownieArea/ISE_Framework/fhm_alu_w32.vhd 2020/06/18.17:57:26 O.61xd
EN work/fhm_alu_w32_add 1592518592 \
      FL /home/sajjad/SS20/ASIPMeisterProjects/8/brownieArea/ISE_Framework/fhm_alu_w32.vhd \
      PB ieee/std_logic_1164 1308643377 PB ieee/STD_LOGIC_UNSIGNED 1308643379
AR work/fhm_alu_w32_add/synthesis 1592518593 \
      FL /home/sajjad/SS20/ASIPMeisterProjects/8/brownieArea/ISE_Framework/fhm_alu_w32.vhd \
      EN work/fhm_alu_w32_add 1592518592
EN work/fhm_alu_w32 1592518594 \
      FL /home/sajjad/SS20/ASIPMeisterProjects/8/brownieArea/ISE_Framework/fhm_alu_w32.vhd \
      PB ieee/std_logic_1164 1308643377 PB ieee/STD_LOGIC_UNSIGNED 1308643379 \
      PB ieee/std_logic_arith 1308643378
AR work/fhm_alu_w32/synthesis 1592518595 \
      FL /home/sajjad/SS20/ASIPMeisterProjects/8/brownieArea/ISE_Framework/fhm_alu_w32.vhd \
      EN work/fhm_alu_w32 1592518594 CP fhm_alu_w32_add
FL /home/sajjad/SS20/ASIPMeisterProjects/8/brownieArea/ISE_Framework/fhm_browregfile_w32.vhd 2020/06/18.17:57:26 O.61xd
EN work/flag_reg5 1592518644 \
      FL /home/sajjad/SS20/ASIPMeisterProjects/8/brownieArea/ISE_Framework/fhm_browregfile_w32.vhd \
      PB ieee/std_logic_1164 1308643377 PB ieee/STD_LOGIC_UNSIGNED 1308643379
AR work/flag_reg5/synthesis 1592518645 \
      FL /home/sajjad/SS20/ASIPMeisterProjects/8/brownieArea/ISE_Framework/fhm_browregfile_w32.vhd \
      EN work/flag_reg5 1592518644
EN work/status_reg27 1592518646 \
      FL /home/sajjad/SS20/ASIPMeisterProjects/8/brownieArea/ISE_Framework/fhm_browregfile_w32.vhd \
      PB ieee/std_logic_1164 1308643377 PB ieee/STD_LOGIC_UNSIGNED 1308643379
AR work/status_reg27/synthesis 1592518647 \
      FL /home/sajjad/SS20/ASIPMeisterProjects/8/brownieArea/ISE_Framework/fhm_browregfile_w32.vhd \
      EN work/status_reg27 1592518646
EN work/fhm_browregfile_w32_reg32 1592518648 \
      FL /home/sajjad/SS20/ASIPMeisterProjects/8/brownieArea/ISE_Framework/fhm_browregfile_w32.vhd \
      PB ieee/std_logic_1164 1308643377 PB ieee/STD_LOGIC_UNSIGNED 1308643379
AR work/fhm_browregfile_w32_reg32/synthesis 1592518649 \
      FL /home/sajjad/SS20/ASIPMeisterProjects/8/brownieArea/ISE_Framework/fhm_browregfile_w32.vhd \
      EN work/fhm_browregfile_w32_reg32 1592518648
EN work/fhm_browregfile_w32 1592518650 \
      FL /home/sajjad/SS20/ASIPMeisterProjects/8/brownieArea/ISE_Framework/fhm_browregfile_w32.vhd \
      PB ieee/std_logic_1164 1308643377
AR work/fhm_browregfile_w32/synthesis 1592518651 \
      FL /home/sajjad/SS20/ASIPMeisterProjects/8/brownieArea/ISE_Framework/fhm_browregfile_w32.vhd \
      EN work/fhm_browregfile_w32 1592518650 CP flag_reg5 CP status_reg27 \
      CP fhm_browregfile_w32_reg32
FL /home/sajjad/SS20/ASIPMeisterProjects/8/brownieArea/ISE_Framework/fhm_divider_w32.vhd 2020/06/18.17:57:26 O.61xd
EN work/fhm_divider_w32_add32 1592518614 \
      FL /home/sajjad/SS20/ASIPMeisterProjects/8/brownieArea/ISE_Framework/fhm_divider_w32.vhd \
      PB ieee/std_logic_1164 1308643377 PB ieee/STD_LOGIC_UNSIGNED 1308643379
AR work/fhm_divider_w32_add32/synthesis 1592518615 \
      FL /home/sajjad/SS20/ASIPMeisterProjects/8/brownieArea/ISE_Framework/fhm_divider_w32.vhd \
      EN work/fhm_divider_w32_add32 1592518614
EN work/fhm_divider_w32_reg32 1592518616 \
      FL /home/sajjad/SS20/ASIPMeisterProjects/8/brownieArea/ISE_Framework/fhm_divider_w32.vhd \
      PB ieee/std_logic_1164 1308643377 PB ieee/STD_LOGIC_UNSIGNED 1308643379
AR work/fhm_divider_w32_reg32/synthesis 1592518617 \
      FL /home/sajjad/SS20/ASIPMeisterProjects/8/brownieArea/ISE_Framework/fhm_divider_w32.vhd \
      EN work/fhm_divider_w32_reg32 1592518616
EN work/fhm_divider_w32_reg1 1592518618 \
      FL /home/sajjad/SS20/ASIPMeisterProjects/8/brownieArea/ISE_Framework/fhm_divider_w32.vhd \
      PB ieee/std_logic_1164 1308643377 PB ieee/STD_LOGIC_UNSIGNED 1308643379
AR work/fhm_divider_w32_reg1/synthesis 1592518619 \
      FL /home/sajjad/SS20/ASIPMeisterProjects/8/brownieArea/ISE_Framework/fhm_divider_w32.vhd \
      EN work/fhm_divider_w32_reg1 1592518618
EN work/fhm_divider_w32_lsftreg32 1592518620 \
      FL /home/sajjad/SS20/ASIPMeisterProjects/8/brownieArea/ISE_Framework/fhm_divider_w32.vhd \
      PB ieee/std_logic_1164 1308643377 PB ieee/STD_LOGIC_UNSIGNED 1308643379
AR work/fhm_divider_w32_lsftreg32/synthesis 1592518621 \
      FL /home/sajjad/SS20/ASIPMeisterProjects/8/brownieArea/ISE_Framework/fhm_divider_w32.vhd \
      EN work/fhm_divider_w32_lsftreg32 1592518620 CP fhm_divider_w32_reg32 \
      CP fhm_divider_w32_reg1
EN work/fhm_divider_w32_sdiv32 1592518622 \
      FL /home/sajjad/SS20/ASIPMeisterProjects/8/brownieArea/ISE_Framework/fhm_divider_w32.vhd \
      PB ieee/std_logic_1164 1308643377 PB ieee/STD_LOGIC_UNSIGNED 1308643379
AR work/fhm_divider_w32_sdiv32/synthesis 1592518623 \
      FL /home/sajjad/SS20/ASIPMeisterProjects/8/brownieArea/ISE_Framework/fhm_divider_w32.vhd \
      EN work/fhm_divider_w32_sdiv32 1592518622 CP fhm_divider_w32_lsftreg32 \
      CP fhm_divider_w32_add32 CP fhm_divider_w32_reg32
EN work/fhm_divider_w32_tconv32 1592518624 \
      FL /home/sajjad/SS20/ASIPMeisterProjects/8/brownieArea/ISE_Framework/fhm_divider_w32.vhd \
      PB ieee/std_logic_1164 1308643377 PB ieee/STD_LOGIC_UNSIGNED 1308643379
AR work/fhm_divider_w32_tconv32/synthesis 1592518625 \
      FL /home/sajjad/SS20/ASIPMeisterProjects/8/brownieArea/ISE_Framework/fhm_divider_w32.vhd \
      EN work/fhm_divider_w32_tconv32 1592518624 CP fhm_divider_w32_add32
EN work/fhm_divider_w32 1592518626 \
      FL /home/sajjad/SS20/ASIPMeisterProjects/8/brownieArea/ISE_Framework/fhm_divider_w32.vhd \
      PB ieee/std_logic_1164 1308643377 PB ieee/STD_LOGIC_UNSIGNED 1308643379
AR work/fhm_divider_w32/synthesis 1592518627 \
      FL /home/sajjad/SS20/ASIPMeisterProjects/8/brownieArea/ISE_Framework/fhm_divider_w32.vhd \
      EN work/fhm_divider_w32 1592518626 CP fhm_divider_w32_tconv32 \
      CP fhm_divider_w32_sdiv32 CP fhm_divider_w32_reg1
FL /home/sajjad/SS20/ASIPMeisterProjects/8/brownieArea/ISE_Framework/fhm_dummy_register_w32.vhd 2020/06/18.17:57:26 O.61xd
EN work/fhm_dummy_register_w32 1592518642 \
      FL /home/sajjad/SS20/ASIPMeisterProjects/8/brownieArea/ISE_Framework/fhm_dummy_register_w32.vhd \
      PB ieee/std_logic_1164 1308643377 PB ieee/STD_LOGIC_UNSIGNED 1308643379
AR work/fhm_dummy_register_w32/logic 1592518643 \
      FL /home/sajjad/SS20/ASIPMeisterProjects/8/brownieArea/ISE_Framework/fhm_dummy_register_w32.vhd \
      EN work/fhm_dummy_register_w32 1592518642
FL /home/sajjad/SS20/ASIPMeisterProjects/8/brownieArea/ISE_Framework/fhm_extender_w16.vhd 2020/06/18.17:57:26 O.61xd
EN work/fhm_extender_w16 1592518630 \
      FL /home/sajjad/SS20/ASIPMeisterProjects/8/brownieArea/ISE_Framework/fhm_extender_w16.vhd \
      PB ieee/std_logic_1164 1308643377 PB ieee/STD_LOGIC_UNSIGNED 1308643379
AR work/fhm_extender_w16/synthesis 1592518631 \
      FL /home/sajjad/SS20/ASIPMeisterProjects/8/brownieArea/ISE_Framework/fhm_extender_w16.vhd \
      EN work/fhm_extender_w16 1592518630
FL /home/sajjad/SS20/ASIPMeisterProjects/8/brownieArea/ISE_Framework/fhm_extender_w26.vhd 2020/06/18.17:57:26 O.61xd
EN work/fhm_extender_w26 1592518632 \
      FL /home/sajjad/SS20/ASIPMeisterProjects/8/brownieArea/ISE_Framework/fhm_extender_w26.vhd \
      PB ieee/std_logic_1164 1308643377 PB ieee/STD_LOGIC_UNSIGNED 1308643379
AR work/fhm_extender_w26/synthesis 1592518633 \
      FL /home/sajjad/SS20/ASIPMeisterProjects/8/brownieArea/ISE_Framework/fhm_extender_w26.vhd \
      EN work/fhm_extender_w26 1592518632
FL /home/sajjad/SS20/ASIPMeisterProjects/8/brownieArea/ISE_Framework/fhm_extender_w8.vhd 2020/06/18.17:57:26 O.61xd
EN work/fhm_extender_w8 1592518628 \
      FL /home/sajjad/SS20/ASIPMeisterProjects/8/brownieArea/ISE_Framework/fhm_extender_w8.vhd \
      PB ieee/std_logic_1164 1308643377 PB ieee/STD_LOGIC_UNSIGNED 1308643379
AR work/fhm_extender_w8/synthesis 1592518629 \
      FL /home/sajjad/SS20/ASIPMeisterProjects/8/brownieArea/ISE_Framework/fhm_extender_w8.vhd \
      EN work/fhm_extender_w8 1592518628
FL /home/sajjad/SS20/ASIPMeisterProjects/8/brownieArea/ISE_Framework/fhm_fwu_w32.vhd 2020/06/18.17:57:26 O.61xd
EN work/fhm_fwu_w32 1592518640 \
      FL /home/sajjad/SS20/ASIPMeisterProjects/8/brownieArea/ISE_Framework/fhm_fwu_w32.vhd \
      PB ieee/std_logic_1164 1308643377
AR work/fhm_fwu_w32/synthesis 1592518641 \
      FL /home/sajjad/SS20/ASIPMeisterProjects/8/brownieArea/ISE_Framework/fhm_fwu_w32.vhd \
      EN work/fhm_fwu_w32 1592518640
FL /home/sajjad/SS20/ASIPMeisterProjects/8/brownieArea/ISE_Framework/fhm_mifu_w32_00.vhd 2020/06/18.17:57:26 O.61xd
EN work/fhm_mifu_w32_00 1592518588 \
      FL /home/sajjad/SS20/ASIPMeisterProjects/8/brownieArea/ISE_Framework/fhm_mifu_w32_00.vhd \
      PB ieee/std_logic_1164 1308643377
AR work/fhm_mifu_w32_00/synthesis 1592518589 \
      FL /home/sajjad/SS20/ASIPMeisterProjects/8/brownieArea/ISE_Framework/fhm_mifu_w32_00.vhd \
      EN work/fhm_mifu_w32_00 1592518588
FL /home/sajjad/SS20/ASIPMeisterProjects/8/brownieArea/ISE_Framework/fhm_mifu_w32_01.vhd 2020/06/18.17:57:26 O.61xd
EN work/fhm_mifu_w32_01 1592518590 \
      FL /home/sajjad/SS20/ASIPMeisterProjects/8/brownieArea/ISE_Framework/fhm_mifu_w32_01.vhd \
      PB ieee/std_logic_1164 1308643377
AR work/fhm_mifu_w32_01/synthesis 1592518591 \
      FL /home/sajjad/SS20/ASIPMeisterProjects/8/brownieArea/ISE_Framework/fhm_mifu_w32_01.vhd \
      EN work/fhm_mifu_w32_01 1592518590
FL /home/sajjad/SS20/ASIPMeisterProjects/8/brownieArea/ISE_Framework/fhm_multiplier_w32.vhd 2020/06/18.17:57:26 O.61xd
EN work/fhm_multiplier_w32_reg1 1592518596 \
      FL /home/sajjad/SS20/ASIPMeisterProjects/8/brownieArea/ISE_Framework/fhm_multiplier_w32.vhd \
      PB ieee/std_logic_1164 1308643377 PB ieee/STD_LOGIC_UNSIGNED 1308643379
AR work/fhm_multiplier_w32_reg1/synthesis 1592518597 \
      FL /home/sajjad/SS20/ASIPMeisterProjects/8/brownieArea/ISE_Framework/fhm_multiplier_w32.vhd \
      EN work/fhm_multiplier_w32_reg1 1592518596
EN work/fhm_multiplier_w32_add32 1592518598 \
      FL /home/sajjad/SS20/ASIPMeisterProjects/8/brownieArea/ISE_Framework/fhm_multiplier_w32.vhd \
      PB ieee/std_logic_1164 1308643377 PB ieee/STD_LOGIC_UNSIGNED 1308643379
AR work/fhm_multiplier_w32_add32/synthesis 1592518599 \
      FL /home/sajjad/SS20/ASIPMeisterProjects/8/brownieArea/ISE_Framework/fhm_multiplier_w32.vhd \
      EN work/fhm_multiplier_w32_add32 1592518598
EN work/fhm_multiplier_w32_add64 1592518600 \
      FL /home/sajjad/SS20/ASIPMeisterProjects/8/brownieArea/ISE_Framework/fhm_multiplier_w32.vhd \
      PB ieee/std_logic_1164 1308643377 PB ieee/STD_LOGIC_UNSIGNED 1308643379
AR work/fhm_multiplier_w32_add64/synthesis 1592518601 \
      FL /home/sajjad/SS20/ASIPMeisterProjects/8/brownieArea/ISE_Framework/fhm_multiplier_w32.vhd \
      EN work/fhm_multiplier_w32_add64 1592518600
EN work/fhm_multiplier_w32_reg32 1592518602 \
      FL /home/sajjad/SS20/ASIPMeisterProjects/8/brownieArea/ISE_Framework/fhm_multiplier_w32.vhd \
      PB ieee/std_logic_1164 1308643377 PB ieee/STD_LOGIC_UNSIGNED 1308643379
AR work/fhm_multiplier_w32_reg32/synthesis 1592518603 \
      FL /home/sajjad/SS20/ASIPMeisterProjects/8/brownieArea/ISE_Framework/fhm_multiplier_w32.vhd \
      EN work/fhm_multiplier_w32_reg32 1592518602
EN work/fhm_multiplier_w32_reg64 1592518604 \
      FL /home/sajjad/SS20/ASIPMeisterProjects/8/brownieArea/ISE_Framework/fhm_multiplier_w32.vhd \
      PB ieee/std_logic_1164 1308643377 PB ieee/STD_LOGIC_UNSIGNED 1308643379
AR work/fhm_multiplier_w32_reg64/synthesis 1592518605 \
      FL /home/sajjad/SS20/ASIPMeisterProjects/8/brownieArea/ISE_Framework/fhm_multiplier_w32.vhd \
      EN work/fhm_multiplier_w32_reg64 1592518604
EN work/fhm_multiplier_w32_smul 1592518606 \
      FL /home/sajjad/SS20/ASIPMeisterProjects/8/brownieArea/ISE_Framework/fhm_multiplier_w32.vhd \
      PB ieee/std_logic_1164 1308643377 PB ieee/STD_LOGIC_UNSIGNED 1308643379
AR work/fhm_multiplier_w32_smul/synthesis 1592518607 \
      FL /home/sajjad/SS20/ASIPMeisterProjects/8/brownieArea/ISE_Framework/fhm_multiplier_w32.vhd \
      EN work/fhm_multiplier_w32_smul 1592518606 CP fhm_multiplier_w32_reg32 \
      CP fhm_multiplier_w32_add64 CP fhm_multiplier_w32_reg64
EN work/fhm_multiplier_w32_tconv32 1592518608 \
      FL /home/sajjad/SS20/ASIPMeisterProjects/8/brownieArea/ISE_Framework/fhm_multiplier_w32.vhd \
      PB ieee/std_logic_1164 1308643377 PB ieee/STD_LOGIC_UNSIGNED 1308643379
AR work/fhm_multiplier_w32_tconv32/synthesis 1592518609 \
      FL /home/sajjad/SS20/ASIPMeisterProjects/8/brownieArea/ISE_Framework/fhm_multiplier_w32.vhd \
      EN work/fhm_multiplier_w32_tconv32 1592518608 CP fhm_multiplier_w32_add32
EN work/fhm_multiplier_w32_tconv64 1592518610 \
      FL /home/sajjad/SS20/ASIPMeisterProjects/8/brownieArea/ISE_Framework/fhm_multiplier_w32.vhd \
      PB ieee/std_logic_1164 1308643377 PB ieee/STD_LOGIC_UNSIGNED 1308643379
AR work/fhm_multiplier_w32_tconv64/synthesis 1592518611 \
      FL /home/sajjad/SS20/ASIPMeisterProjects/8/brownieArea/ISE_Framework/fhm_multiplier_w32.vhd \
      EN work/fhm_multiplier_w32_tconv64 1592518610 CP fhm_multiplier_w32_add64
EN work/fhm_multiplier_w32 1592518612 \
      FL /home/sajjad/SS20/ASIPMeisterProjects/8/brownieArea/ISE_Framework/fhm_multiplier_w32.vhd \
      PB ieee/std_logic_1164 1308643377 PB ieee/STD_LOGIC_UNSIGNED 1308643379
AR work/fhm_multiplier_w32/synthesis 1592518613 \
      FL /home/sajjad/SS20/ASIPMeisterProjects/8/brownieArea/ISE_Framework/fhm_multiplier_w32.vhd \
      EN work/fhm_multiplier_w32 1592518612 CP fhm_multiplier_w32_reg1 \
      CP fhm_multiplier_w32_tconv32 CP fhm_multiplier_w32_smul \
      CP fhm_multiplier_w32_tconv64
FL /home/sajjad/SS20/ASIPMeisterProjects/8/brownieArea/ISE_Framework/fhm_pcu_w32.vhd 2020/06/18.17:57:26 O.61xd
EN work/fhm_pcu_w32_add32 1592518580 \
      FL /home/sajjad/SS20/ASIPMeisterProjects/8/brownieArea/ISE_Framework/fhm_pcu_w32.vhd \
      PB ieee/std_logic_1164 1308643377 PB ieee/STD_LOGIC_UNSIGNED 1308643379
AR work/fhm_pcu_w32_add32/synthesis 1592518581 \
      FL /home/sajjad/SS20/ASIPMeisterProjects/8/brownieArea/ISE_Framework/fhm_pcu_w32.vhd \
      EN work/fhm_pcu_w32_add32 1592518580
EN work/fhm_pcu_w32_reg32 1592518582 \
      FL /home/sajjad/SS20/ASIPMeisterProjects/8/brownieArea/ISE_Framework/fhm_pcu_w32.vhd \
      PB ieee/std_logic_1164 1308643377 PB ieee/STD_LOGIC_UNSIGNED 1308643379
AR work/fhm_pcu_w32_reg32/synthesis 1592518583 \
      FL /home/sajjad/SS20/ASIPMeisterProjects/8/brownieArea/ISE_Framework/fhm_pcu_w32.vhd \
      EN work/fhm_pcu_w32_reg32 1592518582
EN work/fhm_pcu_w32 1592518584 \
      FL /home/sajjad/SS20/ASIPMeisterProjects/8/brownieArea/ISE_Framework/fhm_pcu_w32.vhd \
      PB ieee/std_logic_1164 1308643377 PB ieee/std_logic_arith 1308643378 \
      PB ieee/STD_LOGIC_SIGNED 1308643379
AR work/fhm_pcu_w32/synthesis 1592518585 \
      FL /home/sajjad/SS20/ASIPMeisterProjects/8/brownieArea/ISE_Framework/fhm_pcu_w32.vhd \
      EN work/fhm_pcu_w32 1592518584 CP fhm_pcu_w32_add32 CP fhm_pcu_w32_reg32
FL /home/sajjad/SS20/ASIPMeisterProjects/8/brownieArea/ISE_Framework/fhm_register_w32.vhd 2020/06/18.17:57:26 O.61xd
EN work/fhm_register_w32 1592518586 \
      FL /home/sajjad/SS20/ASIPMeisterProjects/8/brownieArea/ISE_Framework/fhm_register_w32.vhd \
      PB ieee/std_logic_1164 1308643377 PB ieee/STD_LOGIC_UNSIGNED 1308643379
AR work/fhm_register_w32/logic 1592518587 \
      FL /home/sajjad/SS20/ASIPMeisterProjects/8/brownieArea/ISE_Framework/fhm_register_w32.vhd \
      EN work/fhm_register_w32 1592518586
FL /home/sajjad/SS20/ASIPMeisterProjects/8/brownieArea/ISE_Framework/fhm_shifter_w32.vhd 2020/06/18.17:57:26 O.61xd
EN work/fhm_shifter_w32 1592518634 \
      FL /home/sajjad/SS20/ASIPMeisterProjects/8/brownieArea/ISE_Framework/fhm_shifter_w32.vhd \
      PB ieee/std_logic_1164 1308643377 PB ieee/std_logic_arith 1308643378 \
      PB ieee/STD_LOGIC_UNSIGNED 1308643379
AR work/fhm_shifter_w32/synthesis 1592518635 \
      FL /home/sajjad/SS20/ASIPMeisterProjects/8/brownieArea/ISE_Framework/fhm_shifter_w32.vhd \
      EN work/fhm_shifter_w32 1592518634
FL /home/sajjad/SS20/ASIPMeisterProjects/8/brownieArea/ISE_Framework/fhm_wire_in_w1.vhd 2020/06/18.17:57:26 O.61xd
EN work/fhm_wire_in_w1 1592518636 \
      FL /home/sajjad/SS20/ASIPMeisterProjects/8/brownieArea/ISE_Framework/fhm_wire_in_w1.vhd \
      PB ieee/std_logic_1164 1308643377
AR work/fhm_wire_in_w1/synthesis 1592518637 \
      FL /home/sajjad/SS20/ASIPMeisterProjects/8/brownieArea/ISE_Framework/fhm_wire_in_w1.vhd \
      EN work/fhm_wire_in_w1 1592518636
FL /home/sajjad/SS20/ASIPMeisterProjects/8/brownieArea/ISE_Framework/fhm_wire_out_w1.vhd 2020/06/18.17:57:26 O.61xd
EN work/fhm_wire_out_w1 1592518638 \
      FL /home/sajjad/SS20/ASIPMeisterProjects/8/brownieArea/ISE_Framework/fhm_wire_out_w1.vhd \
      PB ieee/std_logic_1164 1308643377
AR work/fhm_wire_out_w1/synthesis 1592518639 \
      FL /home/sajjad/SS20/ASIPMeisterProjects/8/brownieArea/ISE_Framework/fhm_wire_out_w1.vhd \
      EN work/fhm_wire_out_w1 1592518638
FL /home/sajjad/SS20/ASIPMeisterProjects/8/brownieArea/ISE_Framework/fifo_generator_v2_1.vhd 2020/06/18.17:33:20 O.61xd
EN work/fifo_generator_v2_1 1592518570 \
      FL /home/sajjad/SS20/ASIPMeisterProjects/8/brownieArea/ISE_Framework/fifo_generator_v2_1.vhd \
      PB ieee/std_logic_1164 1308643377
AR work/fifo_generator_v2_1/fifo_generator_v2_1_a 1592518571 \
      FL /home/sajjad/SS20/ASIPMeisterProjects/8/brownieArea/ISE_Framework/fifo_generator_v2_1.vhd \
      EN work/fifo_generator_v2_1 1592518570
FL /home/sajjad/SS20/ASIPMeisterProjects/8/brownieArea/ISE_Framework/i2c_arbiter.vhd 2020/06/18.17:33:20 O.61xd
EN work/i2c_arbiter 1592518574 \
      FL /home/sajjad/SS20/ASIPMeisterProjects/8/brownieArea/ISE_Framework/i2c_arbiter.vhd \
      PB ieee/std_logic_1164 1308643377 PB ieee/NUMERIC_STD 1308643378 \
      PB ieee/STD_LOGIC_UNSIGNED 1308643379
AR work/i2c_arbiter/i2c_arbiter_arch 1592518575 \
      FL /home/sajjad/SS20/ASIPMeisterProjects/8/brownieArea/ISE_Framework/i2c_arbiter.vhd \
      EN work/i2c_arbiter 1592518574
FL /home/sajjad/SS20/ASIPMeisterProjects/8/brownieArea/ISE_Framework/i2c_multiclock_latch.vhd 2020/06/18.17:33:20 O.61xd
EN work/multiclock_latch 1592518572 \
      FL /home/sajjad/SS20/ASIPMeisterProjects/8/brownieArea/ISE_Framework/i2c_multiclock_latch.vhd \
      PB ieee/std_logic_1164 1308643377 PB ieee/NUMERIC_STD 1308643378 \
      PB ieee/STD_LOGIC_UNSIGNED 1308643379
AR work/multiclock_latch/multiclock_latch_arch 1592518573 \
      FL /home/sajjad/SS20/ASIPMeisterProjects/8/brownieArea/ISE_Framework/i2c_multiclock_latch.vhd \
      EN work/multiclock_latch 1592518572
FL /home/sajjad/SS20/ASIPMeisterProjects/8/brownieArea/ISE_Framework/i2c_toplevel.vhd 2020/06/18.17:33:20 O.61xd
EN work/i2c_toplevel 1592518680 \
      FL /home/sajjad/SS20/ASIPMeisterProjects/8/brownieArea/ISE_Framework/i2c_toplevel.vhd \
      PB ieee/std_logic_1164 1308643377 PB ieee/NUMERIC_STD 1308643378 \
      PB ieee/STD_LOGIC_UNSIGNED 1308643379 LB UNISIM PH unisim/VCOMPONENTS 1308643377
AR work/i2c_toplevel/i2c_toplevel_arch 1592518681 \
      FL /home/sajjad/SS20/ASIPMeisterProjects/8/brownieArea/ISE_Framework/i2c_toplevel.vhd \
      EN work/i2c_toplevel 1592518680 CP fifo_generator_v2_1 CP multiclock_latch \
      CP i2c_arbiter CP pca9564_interface
FL /home/sajjad/SS20/ASIPMeisterProjects/8/brownieArea/ISE_Framework/interface_asipmeister_i2c.vhd 2020/06/18.17:33:20 O.61xd
EN work/interface_asipmeister_i2c 1592518678 \
      FL /home/sajjad/SS20/ASIPMeisterProjects/8/brownieArea/ISE_Framework/interface_asipmeister_i2c.vhd \
      PB ieee/std_logic_1164 1308643377 PB ieee/NUMERIC_STD 1308643378 \
      PB ieee/STD_LOGIC_UNSIGNED 1308643379
AR work/interface_asipmeister_i2c/interface_asipmeister_i2c_arch 1592518679 \
      FL /home/sajjad/SS20/ASIPMeisterProjects/8/brownieArea/ISE_Framework/interface_asipmeister_i2c.vhd \
      EN work/interface_asipmeister_i2c 1592518678 CP fifo_generator_v2_1
FL /home/sajjad/SS20/ASIPMeisterProjects/8/brownieArea/ISE_Framework/kcuart_rx.vhd 2020/06/18.17:33:20 O.61xd
EN work/kcuart_rx 1592518688 \
      FL /home/sajjad/SS20/ASIPMeisterProjects/8/brownieArea/ISE_Framework/kcuart_rx.vhd \
      PB ieee/std_logic_1164 1308643377 PB ieee/std_logic_arith 1308643378 \
      PB ieee/STD_LOGIC_UNSIGNED 1308643379 LB UNISIM PH unisim/VCOMPONENTS 1308643377
AR work/kcuart_rx/low_level_definition 1592518689 \
      FL /home/sajjad/SS20/ASIPMeisterProjects/8/brownieArea/ISE_Framework/kcuart_rx.vhd \
      EN work/kcuart_rx 1592518688 CP FD CP string CP label CP SRL16E CP FDE CP LUT4 \
      CP LUT3 CP LUT2
FL /home/sajjad/SS20/ASIPMeisterProjects/8/brownieArea/ISE_Framework/kcuart_tx.vhd 2020/06/18.17:33:20 O.61xd
EN work/kcuart_tx 1592518686 \
      FL /home/sajjad/SS20/ASIPMeisterProjects/8/brownieArea/ISE_Framework/kcuart_tx.vhd \
      PB ieee/std_logic_1164 1308643377 PB ieee/std_logic_arith 1308643378 \
      PB ieee/STD_LOGIC_UNSIGNED 1308643379 LB UNISIM PH unisim/VCOMPONENTS 1308643377
AR work/kcuart_tx/low_level_definition 1592518687 \
      FL /home/sajjad/SS20/ASIPMeisterProjects/8/brownieArea/ISE_Framework/kcuart_tx.vhd \
      EN work/kcuart_tx 1592518686 CP LUT4 CP MUXF5 CP MUXF6 CP FDRS CP string \
      CP label CP FDRE CP LUT2 CP MULT_AND CP MUXCY CP XORCY CP LUT3 CP FDE CP SRL16E \
      CP FD
FL /home/sajjad/SS20/ASIPMeisterProjects/8/brownieArea/ISE_Framework/MemoryMapper.vhd 2020/06/18.17:33:20 O.61xd
EN work/MemoryMapper 1592518676 \
      FL /home/sajjad/SS20/ASIPMeisterProjects/8/brownieArea/ISE_Framework/MemoryMapper.vhd \
      PB ieee/std_logic_1164 1308643377 PB ieee/std_logic_arith 1308643378 \
      PB ieee/STD_LOGIC_UNSIGNED 1308643379 LB work PB work/MemoryMapperTypes 1592518579
AR work/MemoryMapper/Behavioral 1592518677 \
      FL /home/sajjad/SS20/ASIPMeisterProjects/8/brownieArea/ISE_Framework/MemoryMapper.vhd \
      EN work/MemoryMapper 1592518676
FL /home/sajjad/SS20/ASIPMeisterProjects/8/brownieArea/ISE_Framework/MemoryMapperTypes.vhd 2008/10/17.20:55:46 O.61xd
PH work/MemoryMapperTypes 1592518578 \
      FL /home/sajjad/SS20/ASIPMeisterProjects/8/brownieArea/ISE_Framework/MemoryMapperTypes.vhd \
      PB ieee/std_logic_1164 1308643377
PB work/MemoryMapperTypes 1592518579 \
      FL /home/sajjad/SS20/ASIPMeisterProjects/8/brownieArea/ISE_Framework/MemoryMapperTypes.vhd \
      PH work/MemoryMapperTypes 1592518578
FL /home/sajjad/SS20/ASIPMeisterProjects/8/brownieArea/ISE_Framework/pca9564_interface_state.vhd 2020/06/18.17:33:20 O.61xd
EN work/pca9564_interface 1592518576 \
      FL /home/sajjad/SS20/ASIPMeisterProjects/8/brownieArea/ISE_Framework/pca9564_interface_state.vhd \
      PB ieee/std_logic_1164 1308643377 PB ieee/NUMERIC_STD 1308643378 \
      PB ieee/STD_LOGIC_UNSIGNED 1308643379
AR work/pca9564_interface/pca9564_interface_arch 1592518577 \
      FL /home/sajjad/SS20/ASIPMeisterProjects/8/brownieArea/ISE_Framework/pca9564_interface_state.vhd \
      EN work/pca9564_interface 1592518576
FL /home/sajjad/SS20/ASIPMeisterProjects/8/brownieArea/ISE_Framework/rtg_controller.vhd 2020/06/18.17:57:26 O.61xd
EN work/rtg_controller 1592518652 \
      FL /home/sajjad/SS20/ASIPMeisterProjects/8/brownieArea/ISE_Framework/rtg_controller.vhd \
      PB ieee/std_logic_1164 1308643377
AR work/rtg_controller/RTL 1592518653 \
      FL /home/sajjad/SS20/ASIPMeisterProjects/8/brownieArea/ISE_Framework/rtg_controller.vhd \
      EN work/rtg_controller 1592518652 CP rtg_proc_fsm CP rtg_register_w1 \
      CP rtg_register_w2 CP rtg_register_w32 CP rtg_register_w62 \
      CP rtg_register_w14
FL /home/sajjad/SS20/ASIPMeisterProjects/8/brownieArea/ISE_Framework/rtg_mux11to1_w32.vhd 2020/06/18.17:57:26 O.61xd
EN work/rtg_mux11to1_w32 1592518660 \
      FL /home/sajjad/SS20/ASIPMeisterProjects/8/brownieArea/ISE_Framework/rtg_mux11to1_w32.vhd \
      PB ieee/std_logic_1164 1308643377
AR work/rtg_mux11to1_w32/RTL 1592518661 \
      FL /home/sajjad/SS20/ASIPMeisterProjects/8/brownieArea/ISE_Framework/rtg_mux11to1_w32.vhd \
      EN work/rtg_mux11to1_w32 1592518660
FL /home/sajjad/SS20/ASIPMeisterProjects/8/brownieArea/ISE_Framework/rtg_mux2to1_w32.vhd 2020/06/18.17:57:26 O.61xd
EN work/rtg_mux2to1_w32 1592518654 \
      FL /home/sajjad/SS20/ASIPMeisterProjects/8/brownieArea/ISE_Framework/rtg_mux2to1_w32.vhd \
      PB ieee/std_logic_1164 1308643377
AR work/rtg_mux2to1_w32/RTL 1592518655 \
      FL /home/sajjad/SS20/ASIPMeisterProjects/8/brownieArea/ISE_Framework/rtg_mux2to1_w32.vhd \
      EN work/rtg_mux2to1_w32 1592518654
FL /home/sajjad/SS20/ASIPMeisterProjects/8/brownieArea/ISE_Framework/rtg_mux2to1_w5.vhd 2020/06/18.17:57:26 O.61xd
EN work/rtg_mux2to1_w5 1592518658 \
      FL /home/sajjad/SS20/ASIPMeisterProjects/8/brownieArea/ISE_Framework/rtg_mux2to1_w5.vhd \
      PB ieee/std_logic_1164 1308643377
AR work/rtg_mux2to1_w5/RTL 1592518659 \
      FL /home/sajjad/SS20/ASIPMeisterProjects/8/brownieArea/ISE_Framework/rtg_mux2to1_w5.vhd \
      EN work/rtg_mux2to1_w5 1592518658
FL /home/sajjad/SS20/ASIPMeisterProjects/8/brownieArea/ISE_Framework/rtg_mux3to1_w32.vhd 2020/06/18.17:57:26 O.61xd
EN work/rtg_mux3to1_w32 1592518656 \
      FL /home/sajjad/SS20/ASIPMeisterProjects/8/brownieArea/ISE_Framework/rtg_mux3to1_w32.vhd \
      PB ieee/std_logic_1164 1308643377
AR work/rtg_mux3to1_w32/RTL 1592518657 \
      FL /home/sajjad/SS20/ASIPMeisterProjects/8/brownieArea/ISE_Framework/rtg_mux3to1_w32.vhd \
      EN work/rtg_mux3to1_w32 1592518656
FL /home/sajjad/SS20/ASIPMeisterProjects/8/brownieArea/ISE_Framework/rtg_mux3to1_w5.vhd 2020/06/18.17:57:26 O.61xd
EN work/rtg_mux3to1_w5 1592518664 \
      FL /home/sajjad/SS20/ASIPMeisterProjects/8/brownieArea/ISE_Framework/rtg_mux3to1_w5.vhd \
      PB ieee/std_logic_1164 1308643377
AR work/rtg_mux3to1_w5/RTL 1592518665 \
      FL /home/sajjad/SS20/ASIPMeisterProjects/8/brownieArea/ISE_Framework/rtg_mux3to1_w5.vhd \
      EN work/rtg_mux3to1_w5 1592518664
FL /home/sajjad/SS20/ASIPMeisterProjects/8/brownieArea/ISE_Framework/rtg_mux5to1_w5.vhd 2020/06/18.17:57:26 O.61xd
EN work/rtg_mux5to1_w5 1592518662 \
      FL /home/sajjad/SS20/ASIPMeisterProjects/8/brownieArea/ISE_Framework/rtg_mux5to1_w5.vhd \
      PB ieee/std_logic_1164 1308643377
AR work/rtg_mux5to1_w5/RTL 1592518663 \
      FL /home/sajjad/SS20/ASIPMeisterProjects/8/brownieArea/ISE_Framework/rtg_mux5to1_w5.vhd \
      EN work/rtg_mux5to1_w5 1592518662
FL /home/sajjad/SS20/ASIPMeisterProjects/8/brownieArea/ISE_Framework/rtg_proc_fsm.vhd 2020/06/18.17:57:26 O.61xd
EN work/rtg_proc_fsm 1592518555 \
      FL /home/sajjad/SS20/ASIPMeisterProjects/8/brownieArea/ISE_Framework/rtg_proc_fsm.vhd \
      PB ieee/std_logic_1164 1308643377
AR work/rtg_proc_fsm/RTL 1592518556 \
      FL /home/sajjad/SS20/ASIPMeisterProjects/8/brownieArea/ISE_Framework/rtg_proc_fsm.vhd \
      EN work/rtg_proc_fsm 1592518555
FL /home/sajjad/SS20/ASIPMeisterProjects/8/brownieArea/ISE_Framework/rtg_register_w1.vhd 2020/06/18.17:57:26 O.61xd
EN work/rtg_register_w1 1592518557 \
      FL /home/sajjad/SS20/ASIPMeisterProjects/8/brownieArea/ISE_Framework/rtg_register_w1.vhd \
      PB ieee/std_logic_1164 1308643377
AR work/rtg_register_w1/RTL 1592518558 \
      FL /home/sajjad/SS20/ASIPMeisterProjects/8/brownieArea/ISE_Framework/rtg_register_w1.vhd \
      EN work/rtg_register_w1 1592518557
FL /home/sajjad/SS20/ASIPMeisterProjects/8/brownieArea/ISE_Framework/rtg_register_w14.vhd 2020/06/18.17:57:26 O.61xd
EN work/rtg_register_w14 1592518565 \
      FL /home/sajjad/SS20/ASIPMeisterProjects/8/brownieArea/ISE_Framework/rtg_register_w14.vhd \
      PB ieee/std_logic_1164 1308643377
AR work/rtg_register_w14/RTL 1592518566 \
      FL /home/sajjad/SS20/ASIPMeisterProjects/8/brownieArea/ISE_Framework/rtg_register_w14.vhd \
      EN work/rtg_register_w14 1592518565
FL /home/sajjad/SS20/ASIPMeisterProjects/8/brownieArea/ISE_Framework/rtg_register_w2.vhd 2020/06/18.17:57:26 O.61xd
EN work/rtg_register_w2 1592518559 \
      FL /home/sajjad/SS20/ASIPMeisterProjects/8/brownieArea/ISE_Framework/rtg_register_w2.vhd \
      PB ieee/std_logic_1164 1308643377
AR work/rtg_register_w2/RTL 1592518560 \
      FL /home/sajjad/SS20/ASIPMeisterProjects/8/brownieArea/ISE_Framework/rtg_register_w2.vhd \
      EN work/rtg_register_w2 1592518559
FL /home/sajjad/SS20/ASIPMeisterProjects/8/brownieArea/ISE_Framework/rtg_register_w32.vhd 2020/06/18.17:57:26 O.61xd
EN work/rtg_register_w32 1592518561 \
      FL /home/sajjad/SS20/ASIPMeisterProjects/8/brownieArea/ISE_Framework/rtg_register_w32.vhd \
      PB ieee/std_logic_1164 1308643377
AR work/rtg_register_w32/RTL 1592518562 \
      FL /home/sajjad/SS20/ASIPMeisterProjects/8/brownieArea/ISE_Framework/rtg_register_w32.vhd \
      EN work/rtg_register_w32 1592518561
FL /home/sajjad/SS20/ASIPMeisterProjects/8/brownieArea/ISE_Framework/rtg_register_w5.vhd 2020/06/18.17:57:26 O.61xd
EN work/rtg_register_w5 1592518666 \
      FL /home/sajjad/SS20/ASIPMeisterProjects/8/brownieArea/ISE_Framework/rtg_register_w5.vhd \
      PB ieee/std_logic_1164 1308643377
AR work/rtg_register_w5/RTL 1592518667 \
      FL /home/sajjad/SS20/ASIPMeisterProjects/8/brownieArea/ISE_Framework/rtg_register_w5.vhd \
      EN work/rtg_register_w5 1592518666
FL /home/sajjad/SS20/ASIPMeisterProjects/8/brownieArea/ISE_Framework/rtg_register_w62.vhd 2020/06/18.17:57:26 O.61xd
EN work/rtg_register_w62 1592518563 \
      FL /home/sajjad/SS20/ASIPMeisterProjects/8/brownieArea/ISE_Framework/rtg_register_w62.vhd \
      PB ieee/std_logic_1164 1308643377
AR work/rtg_register_w62/RTL 1592518564 \
      FL /home/sajjad/SS20/ASIPMeisterProjects/8/brownieArea/ISE_Framework/rtg_register_w62.vhd \
      EN work/rtg_register_w62 1592518563
