AR bram_dm bram_dm_a /home/sajjad/SS20/ASIPMeisterProjects/7/brownieMark/ISE_Framework/bram_dm.vhd sub01/vhpl124 1614807690
AR rtg_register_w29 rtl /home/sajjad/SS20/ASIPMeisterProjects/7/brownieMark/ISE_Framework/rtg_register_w29.vhd sub00/vhpl11 1614807577
EN rtg_mux5to1_w5 NULL /home/sajjad/SS20/ASIPMeisterProjects/7/brownieMark/ISE_Framework/rtg_mux5to1_w5.vhd sub01/vhpl109 1614807675
EN fhm_fwu_w32 NULL /home/sajjad/SS20/ASIPMeisterProjects/7/brownieMark/ISE_Framework/fhm_fwu_w32.vhd sub00/vhpl85 1614807651
EN fhm_dummy_register_w32 NULL /home/sajjad/SS20/ASIPMeisterProjects/7/brownieMark/ISE_Framework/fhm_dummy_register_w32.vhd sub00/vhpl87 1614807653
EN fhm_divider_w32_reg32 NULL /home/sajjad/SS20/ASIPMeisterProjects/7/brownieMark/ISE_Framework/fhm_divider_w32.vhd sub00/vhpl61 1614807627
AR fhm_wire_in_w1 synthesis /home/sajjad/SS20/ASIPMeisterProjects/7/brownieMark/ISE_Framework/fhm_wire_in_w1.vhd sub00/vhpl82 1614807648
EN fhm_mifu_w32_00 NULL /home/sajjad/SS20/ASIPMeisterProjects/7/brownieMark/ISE_Framework/fhm_mifu_w32_00.vhd sub00/vhpl33 1614807599
EN fhm_mifu_w32_01 NULL /home/sajjad/SS20/ASIPMeisterProjects/7/brownieMark/ISE_Framework/fhm_mifu_w32_01.vhd sub00/vhpl35 1614807601
EN fhm_browregfile_w32 NULL /home/sajjad/SS20/ASIPMeisterProjects/7/brownieMark/ISE_Framework/fhm_browregfile_w32.vhd sub00/vhpl95 1614807661
AR multiclock_latch multiclock_latch_arch /home/sajjad/SS20/ASIPMeisterProjects/7/brownieMark/ISE_Framework/i2c_multiclock_latch.vhd sub00/vhpl18 1614807584
AR i2c_toplevel i2c_toplevel_arch /home/sajjad/SS20/ASIPMeisterProjects/7/brownieMark/ISE_Framework/i2c_toplevel.vhd sub01/vhpl130 1614807696
AR fhm_divider_w32_reg32 synthesis /home/sajjad/SS20/ASIPMeisterProjects/7/brownieMark/ISE_Framework/fhm_divider_w32.vhd sub00/vhpl62 1614807628
EN rtg_mux17to1_w32 NULL /home/sajjad/SS20/ASIPMeisterProjects/7/brownieMark/ISE_Framework/rtg_mux17to1_w32.vhd sub01/vhpl107 1614807673
EN fhm_wire_in_w1 NULL /home/sajjad/SS20/ASIPMeisterProjects/7/brownieMark/ISE_Framework/fhm_wire_in_w1.vhd sub00/vhpl81 1614807647
EN rtg_mux3to1_w5 NULL /home/sajjad/SS20/ASIPMeisterProjects/7/brownieMark/ISE_Framework/rtg_mux3to1_w5.vhd sub01/vhpl111 1614807677
EN rtg_register_w32 NULL /home/sajjad/SS20/ASIPMeisterProjects/7/brownieMark/ISE_Framework/rtg_register_w32.vhd sub00/vhpl06 1614807572
AR fhm_extender_w26 synthesis /home/sajjad/SS20/ASIPMeisterProjects/7/brownieMark/ISE_Framework/fhm_extender_w26.vhd sub00/vhpl78 1614807644
EN fhm_multiplier_w32_tconv32 NULL /home/sajjad/SS20/ASIPMeisterProjects/7/brownieMark/ISE_Framework/fhm_multiplier_w32.vhd sub00/vhpl53 1614807619
EN rtg_register_w29 NULL /home/sajjad/SS20/ASIPMeisterProjects/7/brownieMark/ISE_Framework/rtg_register_w29.vhd sub00/vhpl10 1614807576
EN fhm_alu_w32 NULL /home/sajjad/SS20/ASIPMeisterProjects/7/brownieMark/ISE_Framework/fhm_alu_w32.vhd sub00/vhpl39 1614807605
EN i2c_toplevel NULL /home/sajjad/SS20/ASIPMeisterProjects/7/brownieMark/ISE_Framework/i2c_toplevel.vhd sub01/vhpl129 1614807695
EN fhm_alu_w32_add NULL /home/sajjad/SS20/ASIPMeisterProjects/7/brownieMark/ISE_Framework/fhm_alu_w32.vhd sub00/vhpl37 1614807603
EN fhm_multiplier_w32_reg1 NULL /home/sajjad/SS20/ASIPMeisterProjects/7/brownieMark/ISE_Framework/fhm_multiplier_w32.vhd sub00/vhpl41 1614807607
EN rtg_mux2to1_w5 NULL /home/sajjad/SS20/ASIPMeisterProjects/7/brownieMark/ISE_Framework/rtg_mux2to1_w5.vhd sub01/vhpl105 1614807671
AR clk_div behavioral /home/sajjad/SS20/ASIPMeisterProjects/7/brownieMark/ISE_Framework/clk_div.vhd sub01/vhpl134 1614807700
EN flag_reg5 NULL /home/sajjad/SS20/ASIPMeisterProjects/7/brownieMark/ISE_Framework/fhm_browregfile_w32.vhd sub00/vhpl89 1614807655
AR pca9564_interface pca9564_interface_arch /home/sajjad/SS20/ASIPMeisterProjects/7/brownieMark/ISE_Framework/pca9564_interface_state.vhd sub00/vhpl22 1614807588
AR rtg_proc_fsm rtl /home/sajjad/SS20/ASIPMeisterProjects/7/brownieMark/ISE_Framework/rtg_proc_fsm.vhd sub00/vhpl01 1614807567
EN fhm_multiplier_w32_tconv64 NULL /home/sajjad/SS20/ASIPMeisterProjects/7/brownieMark/ISE_Framework/fhm_multiplier_w32.vhd sub00/vhpl55 1614807621
PH audioout_types NULL /home/sajjad/SS20/ASIPMeisterProjects/7/brownieMark/ISE_Framework/AudioOut_Types.vhd sub00/vhpl12 1614807578
AR fhm_multiplier_w32_add32 synthesis /home/sajjad/SS20/ASIPMeisterProjects/7/brownieMark/ISE_Framework/fhm_multiplier_w32.vhd sub00/vhpl44 1614807610
AR kcuart_tx low_level_definition /home/sajjad/SS20/ASIPMeisterProjects/7/brownieMark/ISE_Framework/kcuart_tx.vhd sub01/vhpl136 1614807702
EN fhm_multiplier_w32 NULL /home/sajjad/SS20/ASIPMeisterProjects/7/brownieMark/ISE_Framework/fhm_multiplier_w32.vhd sub00/vhpl57 1614807623
AR fhm_pcu_w32_add32 synthesis /home/sajjad/SS20/ASIPMeisterProjects/7/brownieMark/ISE_Framework/fhm_pcu_w32.vhd sub00/vhpl26 1614807592
AR fhm_divider_w32 synthesis /home/sajjad/SS20/ASIPMeisterProjects/7/brownieMark/ISE_Framework/fhm_divider_w32.vhd sub00/vhpl72 1614807638
AR fhm_divider_w32_lsftreg32 synthesis /home/sajjad/SS20/ASIPMeisterProjects/7/brownieMark/ISE_Framework/fhm_divider_w32.vhd sub00/vhpl66 1614807632
AR dlx_toplevel behavioral /home/sajjad/SS20/ASIPMeisterProjects/7/brownieMark/ISE_Framework/dlx_toplevel.vhd sub01/vhpl142 1614807708
AR fhm_extender_w8 synthesis /home/sajjad/SS20/ASIPMeisterProjects/7/brownieMark/ISE_Framework/fhm_extender_w8.vhd sub00/vhpl74 1614807640
AR rtg_mux2to1_w5 rtl /home/sajjad/SS20/ASIPMeisterProjects/7/brownieMark/ISE_Framework/rtg_mux2to1_w5.vhd sub01/vhpl106 1614807672
EN fhm_multiplier_w32_add32 NULL /home/sajjad/SS20/ASIPMeisterProjects/7/brownieMark/ISE_Framework/fhm_multiplier_w32.vhd sub00/vhpl43 1614807609
EN fhm_divider_w32_sdiv32 NULL /home/sajjad/SS20/ASIPMeisterProjects/7/brownieMark/ISE_Framework/fhm_divider_w32.vhd sub00/vhpl67 1614807633
AR fhm_browregfile_w32 synthesis /home/sajjad/SS20/ASIPMeisterProjects/7/brownieMark/ISE_Framework/fhm_browregfile_w32.vhd sub00/vhpl96 1614807662
EN multiclock_latch NULL /home/sajjad/SS20/ASIPMeisterProjects/7/brownieMark/ISE_Framework/i2c_multiclock_latch.vhd sub00/vhpl17 1614807583
EN rtg_mux4to1_w32 NULL /home/sajjad/SS20/ASIPMeisterProjects/7/brownieMark/ISE_Framework/rtg_mux4to1_w32.vhd sub01/vhpl103 1614807669
AR fhm_alu_w32_add synthesis /home/sajjad/SS20/ASIPMeisterProjects/7/brownieMark/ISE_Framework/fhm_alu_w32.vhd sub00/vhpl38 1614807604
AR fhm_wire_out_w1 synthesis /home/sajjad/SS20/ASIPMeisterProjects/7/brownieMark/ISE_Framework/fhm_wire_out_w1.vhd sub00/vhpl84 1614807650
EN fhm_pcu_w32_add32 NULL /home/sajjad/SS20/ASIPMeisterProjects/7/brownieMark/ISE_Framework/fhm_pcu_w32.vhd sub00/vhpl25 1614807591
EN fhm_extender_w8 NULL /home/sajjad/SS20/ASIPMeisterProjects/7/brownieMark/ISE_Framework/fhm_extender_w8.vhd sub00/vhpl73 1614807639
AR fhm_multiplier_w32_tconv32 synthesis /home/sajjad/SS20/ASIPMeisterProjects/7/brownieMark/ISE_Framework/fhm_multiplier_w32.vhd sub00/vhpl54 1614807620
AR audioout_toplevel structure /home/sajjad/SS20/ASIPMeisterProjects/7/brownieMark/ISE_Framework/AudioOut_TopLevel.vhd sub01/vhpl132 1614807698
AR fhm_multiplier_w32_reg32 synthesis /home/sajjad/SS20/ASIPMeisterProjects/7/brownieMark/ISE_Framework/fhm_multiplier_w32.vhd sub00/vhpl48 1614807614
EN fhm_multiplier_w32_add64 NULL /home/sajjad/SS20/ASIPMeisterProjects/7/brownieMark/ISE_Framework/fhm_multiplier_w32.vhd sub00/vhpl45 1614807611
AR rtg_mux3to1_w5 rtl /home/sajjad/SS20/ASIPMeisterProjects/7/brownieMark/ISE_Framework/rtg_mux3to1_w5.vhd sub01/vhpl112 1614807678
EN fhm_multiplier_w32_reg32 NULL /home/sajjad/SS20/ASIPMeisterProjects/7/brownieMark/ISE_Framework/fhm_multiplier_w32.vhd sub00/vhpl47 1614807613
AR fhm_divider_w32_tconv32 synthesis /home/sajjad/SS20/ASIPMeisterProjects/7/brownieMark/ISE_Framework/fhm_divider_w32.vhd sub00/vhpl70 1614807636
EN dlx_toplevel NULL /home/sajjad/SS20/ASIPMeisterProjects/7/brownieMark/ISE_Framework/dlx_toplevel.vhd sub01/vhpl141 1614807707
AR fhm_pcu_w32_reg32 synthesis /home/sajjad/SS20/ASIPMeisterProjects/7/brownieMark/ISE_Framework/fhm_pcu_w32.vhd sub00/vhpl28 1614807594
EN fifo_generator_v2_1 NULL /home/sajjad/SS20/ASIPMeisterProjects/7/brownieMark/ISE_Framework/fifo_generator_v2_1.vhd sub00/vhpl15 1614807581
AR rtg_mux3to1_w32 rtl /home/sajjad/SS20/ASIPMeisterProjects/7/brownieMark/ISE_Framework/rtg_mux3to1_w32.vhd sub01/vhpl102 1614807668
EN fhm_pcu_w32_reg32 NULL /home/sajjad/SS20/ASIPMeisterProjects/7/brownieMark/ISE_Framework/fhm_pcu_w32.vhd sub00/vhpl27 1614807593
EN brom_im NULL /home/sajjad/SS20/ASIPMeisterProjects/7/brownieMark/ISE_Framework/brom_im.vhd sub01/vhpl121 1614807687
AR fhm_fwu_w32 synthesis /home/sajjad/SS20/ASIPMeisterProjects/7/brownieMark/ISE_Framework/fhm_fwu_w32.vhd sub00/vhpl86 1614807652
AR fhm_multiplier_w32_smul synthesis /home/sajjad/SS20/ASIPMeisterProjects/7/brownieMark/ISE_Framework/fhm_multiplier_w32.vhd sub00/vhpl52 1614807618
PB dlxtypes dlxtypes /home/sajjad/SS20/ASIPMeisterProjects/7/brownieMark/ISE_Framework/dlxTypes.vhd sub01/vhpl118 1614807684
AR flag_reg5 synthesis /home/sajjad/SS20/ASIPMeisterProjects/7/brownieMark/ISE_Framework/fhm_browregfile_w32.vhd sub00/vhpl90 1614807656
AR fhm_divider_w32_add32 synthesis /home/sajjad/SS20/ASIPMeisterProjects/7/brownieMark/ISE_Framework/fhm_divider_w32.vhd sub00/vhpl60 1614807626
PB memorymappertypes memorymappertypes /home/sajjad/SS20/ASIPMeisterProjects/7/brownieMark/ISE_Framework/MemoryMapperTypes.vhd sub00/vhpl24 1614807590
EN interface_asipmeister_i2c NULL /home/sajjad/SS20/ASIPMeisterProjects/7/brownieMark/ISE_Framework/interface_asipmeister_i2c.vhd sub01/vhpl127 1614807693
EN fhm_multiplier_w32_reg64 NULL /home/sajjad/SS20/ASIPMeisterProjects/7/brownieMark/ISE_Framework/fhm_multiplier_w32.vhd sub00/vhpl49 1614807615
AR fhm_alu_w32 synthesis /home/sajjad/SS20/ASIPMeisterProjects/7/brownieMark/ISE_Framework/fhm_alu_w32.vhd sub00/vhpl40 1614807606
EN fhm_multiplier_w32_smul NULL /home/sajjad/SS20/ASIPMeisterProjects/7/brownieMark/ISE_Framework/fhm_multiplier_w32.vhd sub00/vhpl51 1614807617
AR fhm_shifter_w32 synthesis /home/sajjad/SS20/ASIPMeisterProjects/7/brownieMark/ISE_Framework/fhm_shifter_w32.vhd sub00/vhpl80 1614807646
EN fhm_divider_w32_reg1 NULL /home/sajjad/SS20/ASIPMeisterProjects/7/brownieMark/ISE_Framework/fhm_divider_w32.vhd sub00/vhpl63 1614807629
EN rtg_register_w131 NULL /home/sajjad/SS20/ASIPMeisterProjects/7/brownieMark/ISE_Framework/rtg_register_w131.vhd sub00/vhpl08 1614807574
EN rtg_proc_fsm NULL /home/sajjad/SS20/ASIPMeisterProjects/7/brownieMark/ISE_Framework/rtg_proc_fsm.vhd sub00/vhpl00 1614807566
AR rtg_mux2to1_w16 rtl /home/sajjad/SS20/ASIPMeisterProjects/7/brownieMark/ISE_Framework/rtg_mux2to1_w16.vhd sub01/vhpl114 1614807680
EN memorymapper NULL /home/sajjad/SS20/ASIPMeisterProjects/7/brownieMark/ISE_Framework/MemoryMapper.vhd sub01/vhpl125 1614807691
AR rtg_register_w32 rtl /home/sajjad/SS20/ASIPMeisterProjects/7/brownieMark/ISE_Framework/rtg_register_w32.vhd sub00/vhpl07 1614807573
EN kcuart_rx NULL /home/sajjad/SS20/ASIPMeisterProjects/7/brownieMark/ISE_Framework/kcuart_rx.vhd sub01/vhpl137 1614807703
EN rtg_mux3to1_w32 NULL /home/sajjad/SS20/ASIPMeisterProjects/7/brownieMark/ISE_Framework/rtg_mux3to1_w32.vhd sub01/vhpl101 1614807667
EN pca9564_interface NULL /home/sajjad/SS20/ASIPMeisterProjects/7/brownieMark/ISE_Framework/pca9564_interface_state.vhd sub00/vhpl21 1614807587
PH dlxtypes NULL /home/sajjad/SS20/ASIPMeisterProjects/7/brownieMark/ISE_Framework/dlxTypes.vhd sub01/vhpl117 1614807683
AR fhm_register_w32 logic /home/sajjad/SS20/ASIPMeisterProjects/7/brownieMark/ISE_Framework/fhm_register_w32.vhd sub00/vhpl32 1614807598
AR rtg_mux5to1_w5 rtl /home/sajjad/SS20/ASIPMeisterProjects/7/brownieMark/ISE_Framework/rtg_mux5to1_w5.vhd sub01/vhpl110 1614807676
AR rtg_controller rtl /home/sajjad/SS20/ASIPMeisterProjects/7/brownieMark/ISE_Framework/rtg_controller.vhd sub01/vhpl100 1614807666
EN kcuart_tx NULL /home/sajjad/SS20/ASIPMeisterProjects/7/brownieMark/ISE_Framework/kcuart_tx.vhd sub01/vhpl135 1614807701
AR debouncer behavioral /home/sajjad/SS20/ASIPMeisterProjects/7/brownieMark/ISE_Framework/Debouncer.vhd sub01/vhpl140 1614807706
EN browniestd32 NULL /home/sajjad/SS20/ASIPMeisterProjects/7/brownieMark/ISE_Framework/BrownieSTD32.vhd sub01/vhpl119 1614807685
AR digitalanalogconverter behavioral /home/sajjad/SS20/ASIPMeisterProjects/7/brownieMark/ISE_Framework/DigitalAnalogConverter.vhd sub00/vhpl14 1614807580
EN fhm_wire_out_w1 NULL /home/sajjad/SS20/ASIPMeisterProjects/7/brownieMark/ISE_Framework/fhm_wire_out_w1.vhd sub00/vhpl83 1614807649
AR fhm_extender_w16 synthesis /home/sajjad/SS20/ASIPMeisterProjects/7/brownieMark/ISE_Framework/fhm_extender_w16.vhd sub00/vhpl76 1614807642
AR fhm_multiplier_w32_reg1 synthesis /home/sajjad/SS20/ASIPMeisterProjects/7/brownieMark/ISE_Framework/fhm_multiplier_w32.vhd sub00/vhpl42 1614807608
EN rtg_register_w1 NULL /home/sajjad/SS20/ASIPMeisterProjects/7/brownieMark/ISE_Framework/rtg_register_w1.vhd sub00/vhpl02 1614807568
EN fhm_register_w32 NULL /home/sajjad/SS20/ASIPMeisterProjects/7/brownieMark/ISE_Framework/fhm_register_w32.vhd sub00/vhpl31 1614807597
EN rtg_register_w2 NULL /home/sajjad/SS20/ASIPMeisterProjects/7/brownieMark/ISE_Framework/rtg_register_w2.vhd sub00/vhpl04 1614807570
AR rtg_register_w5 rtl /home/sajjad/SS20/ASIPMeisterProjects/7/brownieMark/ISE_Framework/rtg_register_w5.vhd sub01/vhpl116 1614807682
AR interface_asipmeister_i2c interface_asipmeister_i2c_arch /home/sajjad/SS20/ASIPMeisterProjects/7/brownieMark/ISE_Framework/interface_asipmeister_i2c.vhd sub01/vhpl128 1614807694
AR browniestd32 rtl /home/sajjad/SS20/ASIPMeisterProjects/7/brownieMark/ISE_Framework/BrownieSTD32.vhd sub01/vhpl120 1614807686
EN rtg_register_w5 NULL /home/sajjad/SS20/ASIPMeisterProjects/7/brownieMark/ISE_Framework/rtg_register_w5.vhd sub01/vhpl115 1614807681
EN fhm_browregfile_w32_reg32 NULL /home/sajjad/SS20/ASIPMeisterProjects/7/brownieMark/ISE_Framework/fhm_browregfile_w32.vhd sub00/vhpl93 1614807659
EN rtg_mux2to1_w16 NULL /home/sajjad/SS20/ASIPMeisterProjects/7/brownieMark/ISE_Framework/rtg_mux2to1_w16.vhd sub01/vhpl113 1614807679
AR fhm_mifu_w32_00 synthesis /home/sajjad/SS20/ASIPMeisterProjects/7/brownieMark/ISE_Framework/fhm_mifu_w32_00.vhd sub00/vhpl34 1614807600
AR rtg_register_w1 rtl /home/sajjad/SS20/ASIPMeisterProjects/7/brownieMark/ISE_Framework/rtg_register_w1.vhd sub00/vhpl03 1614807569
AR rtg_register_w131 rtl /home/sajjad/SS20/ASIPMeisterProjects/7/brownieMark/ISE_Framework/rtg_register_w131.vhd sub00/vhpl09 1614807575
EN rtg_mux2to1_w32 NULL /home/sajjad/SS20/ASIPMeisterProjects/7/brownieMark/ISE_Framework/rtg_mux2to1_w32.vhd sub00/vhpl97 1614807663
PH memorymappertypes NULL /home/sajjad/SS20/ASIPMeisterProjects/7/brownieMark/ISE_Framework/MemoryMapperTypes.vhd sub00/vhpl23 1614807589
MO DCM_100 NULL DCM_100.v vlg0C/_d_c_m__100.bin 1614807571
AR fhm_browregfile_w32_reg32 synthesis /home/sajjad/SS20/ASIPMeisterProjects/7/brownieMark/ISE_Framework/fhm_browregfile_w32.vhd sub00/vhpl94 1614807660
EN fhm_pcu_w32 NULL /home/sajjad/SS20/ASIPMeisterProjects/7/brownieMark/ISE_Framework/fhm_pcu_w32.vhd sub00/vhpl29 1614807595
MO DCM_33 NULL DCM_33.v vlg39/_d_c_m__33.bin 1614807571
AR fhm_pcu_w32 synthesis /home/sajjad/SS20/ASIPMeisterProjects/7/brownieMark/ISE_Framework/fhm_pcu_w32.vhd sub00/vhpl30 1614807596
EN fhm_divider_w32 NULL /home/sajjad/SS20/ASIPMeisterProjects/7/brownieMark/ISE_Framework/fhm_divider_w32.vhd sub00/vhpl71 1614807637
EN status_reg27 NULL /home/sajjad/SS20/ASIPMeisterProjects/7/brownieMark/ISE_Framework/fhm_browregfile_w32.vhd sub00/vhpl91 1614807657
AR fifo_generator_v2_1 fifo_generator_v2_1_a /home/sajjad/SS20/ASIPMeisterProjects/7/brownieMark/ISE_Framework/fifo_generator_v2_1.vhd sub00/vhpl16 1614807582
EN fhm_shifter_w32 NULL /home/sajjad/SS20/ASIPMeisterProjects/7/brownieMark/ISE_Framework/fhm_shifter_w32.vhd sub00/vhpl79 1614807645
AR fhm_multiplier_w32_add64 synthesis /home/sajjad/SS20/ASIPMeisterProjects/7/brownieMark/ISE_Framework/fhm_multiplier_w32.vhd sub00/vhpl46 1614807612
AR rtg_mux17to1_w32 rtl /home/sajjad/SS20/ASIPMeisterProjects/7/brownieMark/ISE_Framework/rtg_mux17to1_w32.vhd sub01/vhpl108 1614807674
AR fhm_mifu_w32_01 synthesis /home/sajjad/SS20/ASIPMeisterProjects/7/brownieMark/ISE_Framework/fhm_mifu_w32_01.vhd sub00/vhpl36 1614807602
EN debouncer NULL /home/sajjad/SS20/ASIPMeisterProjects/7/brownieMark/ISE_Framework/Debouncer.vhd sub01/vhpl139 1614807705
AR fhm_divider_w32_sdiv32 synthesis /home/sajjad/SS20/ASIPMeisterProjects/7/brownieMark/ISE_Framework/fhm_divider_w32.vhd sub00/vhpl68 1614807634
AR memorymapper behavioral /home/sajjad/SS20/ASIPMeisterProjects/7/brownieMark/ISE_Framework/MemoryMapper.vhd sub01/vhpl126 1614807692
EN fhm_extender_w16 NULL /home/sajjad/SS20/ASIPMeisterProjects/7/brownieMark/ISE_Framework/fhm_extender_w16.vhd sub00/vhpl75 1614807641
EN audioout_toplevel NULL /home/sajjad/SS20/ASIPMeisterProjects/7/brownieMark/ISE_Framework/AudioOut_TopLevel.vhd sub01/vhpl131 1614807697
EN fhm_extender_w26 NULL /home/sajjad/SS20/ASIPMeisterProjects/7/brownieMark/ISE_Framework/fhm_extender_w26.vhd sub00/vhpl77 1614807643
AR brom_im brom_im_a /home/sajjad/SS20/ASIPMeisterProjects/7/brownieMark/ISE_Framework/brom_im.vhd sub01/vhpl122 1614807688
EN rtg_controller NULL /home/sajjad/SS20/ASIPMeisterProjects/7/brownieMark/ISE_Framework/rtg_controller.vhd sub00/vhpl99 1614807665
EN fhm_divider_w32_tconv32 NULL /home/sajjad/SS20/ASIPMeisterProjects/7/brownieMark/ISE_Framework/fhm_divider_w32.vhd sub00/vhpl69 1614807635
EN i2c_arbiter NULL /home/sajjad/SS20/ASIPMeisterProjects/7/brownieMark/ISE_Framework/i2c_arbiter.vhd sub00/vhpl19 1614807585
AR rtg_mux4to1_w32 rtl /home/sajjad/SS20/ASIPMeisterProjects/7/brownieMark/ISE_Framework/rtg_mux4to1_w32.vhd sub01/vhpl104 1614807670
AR i2c_arbiter i2c_arbiter_arch /home/sajjad/SS20/ASIPMeisterProjects/7/brownieMark/ISE_Framework/i2c_arbiter.vhd sub00/vhpl20 1614807586
EN fhm_divider_w32_lsftreg32 NULL /home/sajjad/SS20/ASIPMeisterProjects/7/brownieMark/ISE_Framework/fhm_divider_w32.vhd sub00/vhpl65 1614807631
AR fhm_divider_w32_reg1 synthesis /home/sajjad/SS20/ASIPMeisterProjects/7/brownieMark/ISE_Framework/fhm_divider_w32.vhd sub00/vhpl64 1614807630
EN clk_div NULL /home/sajjad/SS20/ASIPMeisterProjects/7/brownieMark/ISE_Framework/clk_div.vhd sub01/vhpl133 1614807699
EN fhm_divider_w32_add32 NULL /home/sajjad/SS20/ASIPMeisterProjects/7/brownieMark/ISE_Framework/fhm_divider_w32.vhd sub00/vhpl59 1614807625
EN digitalanalogconverter NULL /home/sajjad/SS20/ASIPMeisterProjects/7/brownieMark/ISE_Framework/DigitalAnalogConverter.vhd sub00/vhpl13 1614807579
AR fhm_multiplier_w32_tconv64 synthesis /home/sajjad/SS20/ASIPMeisterProjects/7/brownieMark/ISE_Framework/fhm_multiplier_w32.vhd sub00/vhpl56 1614807622
AR rtg_mux2to1_w32 rtl /home/sajjad/SS20/ASIPMeisterProjects/7/brownieMark/ISE_Framework/rtg_mux2to1_w32.vhd sub00/vhpl98 1614807664
AR fhm_multiplier_w32_reg64 synthesis /home/sajjad/SS20/ASIPMeisterProjects/7/brownieMark/ISE_Framework/fhm_multiplier_w32.vhd sub00/vhpl50 1614807616
AR fhm_dummy_register_w32 logic /home/sajjad/SS20/ASIPMeisterProjects/7/brownieMark/ISE_Framework/fhm_dummy_register_w32.vhd sub00/vhpl88 1614807654
AR kcuart_rx low_level_definition /home/sajjad/SS20/ASIPMeisterProjects/7/brownieMark/ISE_Framework/kcuart_rx.vhd sub01/vhpl138 1614807704
AR rtg_register_w2 rtl /home/sajjad/SS20/ASIPMeisterProjects/7/brownieMark/ISE_Framework/rtg_register_w2.vhd sub00/vhpl05 1614807571
EN bram_dm NULL /home/sajjad/SS20/ASIPMeisterProjects/7/brownieMark/ISE_Framework/bram_dm.vhd sub01/vhpl123 1614807689
AR fhm_multiplier_w32 synthesis /home/sajjad/SS20/ASIPMeisterProjects/7/brownieMark/ISE_Framework/fhm_multiplier_w32.vhd sub00/vhpl58 1614807624
AR status_reg27 synthesis /home/sajjad/SS20/ASIPMeisterProjects/7/brownieMark/ISE_Framework/fhm_browregfile_w32.vhd sub00/vhpl92 1614807658
