V3 283
FL /home/sajjad/SS20/ASIPMeisterProjects/7/brownieMark/ISE_Framework/AudioOut_TopLevel.vhd 2021/02/27.00:38:42 O.61xd
EN work/AudioOut_TopLevel 1614807697 \
      FL /home/sajjad/SS20/ASIPMeisterProjects/7/brownieMark/ISE_Framework/AudioOut_TopLevel.vhd \
      PB ieee/std_logic_1164 1308643377 PB ieee/std_logic_arith 1308643378 \
      PB ieee/STD_LOGIC_UNSIGNED 1308643379 PH work/AudioOut_types 1614807578
AR work/AudioOut_TopLevel/STRUCTURE 1614807698 \
      FL /home/sajjad/SS20/ASIPMeisterProjects/7/brownieMark/ISE_Framework/AudioOut_TopLevel.vhd \
      EN work/AudioOut_TopLevel 1614807697 CP DigitalAnalogConverter \
      CP audio_out_fifo
FL /home/sajjad/SS20/ASIPMeisterProjects/7/brownieMark/ISE_Framework/AudioOut_Types.vhd 2021/02/27.00:38:42 O.61xd
PH work/AudioOut_types 1614807578 \
      FL /home/sajjad/SS20/ASIPMeisterProjects/7/brownieMark/ISE_Framework/AudioOut_Types.vhd \
      PB ieee/std_logic_1164 1308643377 PB ieee/std_logic_arith 1308643378 \
      PB ieee/STD_LOGIC_UNSIGNED 1308643379
FL /home/sajjad/SS20/ASIPMeisterProjects/7/brownieMark/ISE_Framework/bram_dm.vhd 2021/02/27.00:38:42 O.61xd
EN work/bram_dm 1614807689 \
      FL /home/sajjad/SS20/ASIPMeisterProjects/7/brownieMark/ISE_Framework/bram_dm.vhd \
      PB ieee/std_logic_1164 1308643377
AR work/bram_dm/bram_dm_a 1614807690 \
      FL /home/sajjad/SS20/ASIPMeisterProjects/7/brownieMark/ISE_Framework/bram_dm.vhd \
      EN work/bram_dm 1614807689
FL /home/sajjad/SS20/ASIPMeisterProjects/7/brownieMark/ISE_Framework/brom_im.vhd 2021/02/27.00:38:42 O.61xd
EN work/brom_im 1614807687 \
      FL /home/sajjad/SS20/ASIPMeisterProjects/7/brownieMark/ISE_Framework/brom_im.vhd \
      PB ieee/std_logic_1164 1308643377
AR work/brom_im/brom_im_a 1614807688 \
      FL /home/sajjad/SS20/ASIPMeisterProjects/7/brownieMark/ISE_Framework/brom_im.vhd \
      EN work/brom_im 1614807687
FL /home/sajjad/SS20/ASIPMeisterProjects/7/brownieMark/ISE_Framework/BrownieSTD32.vhd 2021/03/03.22:09:30 O.61xd
EN work/BrownieSTD32 1614807685 \
      FL /home/sajjad/SS20/ASIPMeisterProjects/7/brownieMark/ISE_Framework/BrownieSTD32.vhd \
      PB ieee/std_logic_1164 1308643377
AR work/BrownieSTD32/RTL 1614807686 \
      FL /home/sajjad/SS20/ASIPMeisterProjects/7/brownieMark/ISE_Framework/BrownieSTD32.vhd \
      EN work/BrownieSTD32 1614807685 CP fhm_pcu_w32 CP fhm_register_w32 \
      CP fhm_mifu_w32_00 CP fhm_mifu_w32_01 CP fhm_alu_w32 CP fhm_multiplier_w32 \
      CP fhm_divider_w32 CP fhm_extender_w8 CP fhm_extender_w16 CP fhm_extender_w26 \
      CP fhm_shifter_w32 CP fhm_wire_in_w1 CP fhm_wire_out_w1 CP fhm_fwu_w32 \
      CP fhm_dummy_register_w32 CP fhm_browregfile_w32 CP rtg_mux2to1_w32 \
      CP rtg_controller CP rtg_mux3to1_w32 CP rtg_mux4to1_w32 CP rtg_mux2to1_w5 \
      CP rtg_mux17to1_w32 CP rtg_mux5to1_w5 CP rtg_mux3to1_w5 CP rtg_mux2to1_w16 \
      CP rtg_register_w32 CP rtg_register_w5 CP rtg_register_w1
FL /home/sajjad/SS20/ASIPMeisterProjects/7/brownieMark/ISE_Framework/clk_div.vhd 2021/02/27.00:38:42 O.61xd
EN work/clk_div 1614807699 \
      FL /home/sajjad/SS20/ASIPMeisterProjects/7/brownieMark/ISE_Framework/clk_div.vhd \
      PB ieee/std_logic_1164 1308643377 PB ieee/std_logic_arith 1308643378 \
      PB ieee/STD_LOGIC_UNSIGNED 1308643379
AR work/clk_div/Behavioral 1614807700 \
      FL /home/sajjad/SS20/ASIPMeisterProjects/7/brownieMark/ISE_Framework/clk_div.vhd \
      EN work/clk_div 1614807699
FL /home/sajjad/SS20/ASIPMeisterProjects/7/brownieMark/ISE_Framework/Debouncer.vhd 2021/02/27.00:38:42 O.61xd
EN work/Debouncer 1614807705 \
      FL /home/sajjad/SS20/ASIPMeisterProjects/7/brownieMark/ISE_Framework/Debouncer.vhd \
      PB ieee/std_logic_1164 1308643377 PB ieee/std_logic_arith 1308643378 \
      PB ieee/STD_LOGIC_UNSIGNED 1308643379
AR work/Debouncer/Behavioral 1614807706 \
      FL /home/sajjad/SS20/ASIPMeisterProjects/7/brownieMark/ISE_Framework/Debouncer.vhd \
      EN work/Debouncer 1614807705
FL /home/sajjad/SS20/ASIPMeisterProjects/7/brownieMark/ISE_Framework/DigitalAnalogConverter.vhd 2021/02/27.00:38:42 O.61xd
EN work/DigitalAnalogConverter 1614807579 \
      FL /home/sajjad/SS20/ASIPMeisterProjects/7/brownieMark/ISE_Framework/DigitalAnalogConverter.vhd \
      PB ieee/std_logic_1164 1308643377 PB ieee/std_logic_arith 1308643378 \
      PB ieee/STD_LOGIC_UNSIGNED 1308643379
AR work/DigitalAnalogConverter/Behavioral 1614807580 \
      FL /home/sajjad/SS20/ASIPMeisterProjects/7/brownieMark/ISE_Framework/DigitalAnalogConverter.vhd \
      EN work/DigitalAnalogConverter 1614807579
FL /home/sajjad/SS20/ASIPMeisterProjects/7/brownieMark/ISE_Framework/dlxTypes.vhd 2021/02/27.00:38:42 O.61xd
PH work/dlxTypes 1614807683 \
      FL /home/sajjad/SS20/ASIPMeisterProjects/7/brownieMark/ISE_Framework/dlxTypes.vhd \
      PB ieee/std_logic_1164 1308643377
PB work/dlxTypes 1614807684 \
      FL /home/sajjad/SS20/ASIPMeisterProjects/7/brownieMark/ISE_Framework/dlxTypes.vhd \
      PH work/dlxTypes 1614807683
FL /home/sajjad/SS20/ASIPMeisterProjects/7/brownieMark/ISE_Framework/dlx_toplevel.vhd 2021/02/27.02:54:25 O.61xd
EN work/dlx_toplevel 1614807707 \
      FL /home/sajjad/SS20/ASIPMeisterProjects/7/brownieMark/ISE_Framework/dlx_toplevel.vhd \
      PB ieee/std_logic_1164 1308643377 PB ieee/std_logic_arith 1308643378 \
      PB ieee/STD_LOGIC_UNSIGNED 1308643379 LB UNISIM PH unisim/VCOMPONENTS 1308643377 \
      PB work/MemoryMapperTypes 1614807590 PH work/AudioOut_types 1614807578 \
      PB work/dlxTypes 1614807684
AR work/dlx_toplevel/Behavioral 1614807708 \
      FL /home/sajjad/SS20/ASIPMeisterProjects/7/brownieMark/ISE_Framework/dlx_toplevel.vhd \
      EN work/dlx_toplevel 1614807707 CP BrownieSTD32 CP brom_im CP bram_dm \
      CP MemoryMapper CP interface_asipmeister_i2c CP i2c_toplevel \
      CP AudioOut_TopLevel CP clk_div CP kcuart_tx CP kcuart_rx CP Debouncer \
      CP DCM_100 CP DCM_33
FL /home/sajjad/SS20/ASIPMeisterProjects/7/brownieMark/ISE_Framework/fhm_alu_w32.vhd 2021/03/03.22:09:30 O.61xd
EN work/fhm_alu_w32_add 1614807603 \
      FL /home/sajjad/SS20/ASIPMeisterProjects/7/brownieMark/ISE_Framework/fhm_alu_w32.vhd \
      PB ieee/std_logic_1164 1308643377 PB ieee/STD_LOGIC_UNSIGNED 1308643379
AR work/fhm_alu_w32_add/synthesis 1614807604 \
      FL /home/sajjad/SS20/ASIPMeisterProjects/7/brownieMark/ISE_Framework/fhm_alu_w32.vhd \
      EN work/fhm_alu_w32_add 1614807603
EN work/fhm_alu_w32 1614807605 \
      FL /home/sajjad/SS20/ASIPMeisterProjects/7/brownieMark/ISE_Framework/fhm_alu_w32.vhd \
      PB ieee/std_logic_1164 1308643377 PB ieee/STD_LOGIC_UNSIGNED 1308643379 \
      PB ieee/std_logic_arith 1308643378
AR work/fhm_alu_w32/synthesis 1614807606 \
      FL /home/sajjad/SS20/ASIPMeisterProjects/7/brownieMark/ISE_Framework/fhm_alu_w32.vhd \
      EN work/fhm_alu_w32 1614807605 CP fhm_alu_w32_add
FL /home/sajjad/SS20/ASIPMeisterProjects/7/brownieMark/ISE_Framework/fhm_browregfile_w32.vhd 2021/03/03.22:09:30 O.61xd
EN work/flag_reg5 1614807655 \
      FL /home/sajjad/SS20/ASIPMeisterProjects/7/brownieMark/ISE_Framework/fhm_browregfile_w32.vhd \
      PB ieee/std_logic_1164 1308643377 PB ieee/STD_LOGIC_UNSIGNED 1308643379
AR work/flag_reg5/synthesis 1614807656 \
      FL /home/sajjad/SS20/ASIPMeisterProjects/7/brownieMark/ISE_Framework/fhm_browregfile_w32.vhd \
      EN work/flag_reg5 1614807655
EN work/status_reg27 1614807657 \
      FL /home/sajjad/SS20/ASIPMeisterProjects/7/brownieMark/ISE_Framework/fhm_browregfile_w32.vhd \
      PB ieee/std_logic_1164 1308643377 PB ieee/STD_LOGIC_UNSIGNED 1308643379
AR work/status_reg27/synthesis 1614807658 \
      FL /home/sajjad/SS20/ASIPMeisterProjects/7/brownieMark/ISE_Framework/fhm_browregfile_w32.vhd \
      EN work/status_reg27 1614807657
EN work/fhm_browregfile_w32_reg32 1614807659 \
      FL /home/sajjad/SS20/ASIPMeisterProjects/7/brownieMark/ISE_Framework/fhm_browregfile_w32.vhd \
      PB ieee/std_logic_1164 1308643377 PB ieee/STD_LOGIC_UNSIGNED 1308643379
AR work/fhm_browregfile_w32_reg32/synthesis 1614807660 \
      FL /home/sajjad/SS20/ASIPMeisterProjects/7/brownieMark/ISE_Framework/fhm_browregfile_w32.vhd \
      EN work/fhm_browregfile_w32_reg32 1614807659
EN work/fhm_browregfile_w32 1614807661 \
      FL /home/sajjad/SS20/ASIPMeisterProjects/7/brownieMark/ISE_Framework/fhm_browregfile_w32.vhd \
      PB ieee/std_logic_1164 1308643377
AR work/fhm_browregfile_w32/synthesis 1614807662 \
      FL /home/sajjad/SS20/ASIPMeisterProjects/7/brownieMark/ISE_Framework/fhm_browregfile_w32.vhd \
      EN work/fhm_browregfile_w32 1614807661 CP flag_reg5 CP status_reg27 \
      CP fhm_browregfile_w32_reg32
FL /home/sajjad/SS20/ASIPMeisterProjects/7/brownieMark/ISE_Framework/fhm_divider_w32.vhd 2021/03/03.22:09:30 O.61xd
EN work/fhm_divider_w32_add32 1614807625 \
      FL /home/sajjad/SS20/ASIPMeisterProjects/7/brownieMark/ISE_Framework/fhm_divider_w32.vhd \
      PB ieee/std_logic_1164 1308643377 PB ieee/STD_LOGIC_UNSIGNED 1308643379
AR work/fhm_divider_w32_add32/synthesis 1614807626 \
      FL /home/sajjad/SS20/ASIPMeisterProjects/7/brownieMark/ISE_Framework/fhm_divider_w32.vhd \
      EN work/fhm_divider_w32_add32 1614807625
EN work/fhm_divider_w32_reg32 1614807627 \
      FL /home/sajjad/SS20/ASIPMeisterProjects/7/brownieMark/ISE_Framework/fhm_divider_w32.vhd \
      PB ieee/std_logic_1164 1308643377 PB ieee/STD_LOGIC_UNSIGNED 1308643379
AR work/fhm_divider_w32_reg32/synthesis 1614807628 \
      FL /home/sajjad/SS20/ASIPMeisterProjects/7/brownieMark/ISE_Framework/fhm_divider_w32.vhd \
      EN work/fhm_divider_w32_reg32 1614807627
EN work/fhm_divider_w32_reg1 1614807629 \
      FL /home/sajjad/SS20/ASIPMeisterProjects/7/brownieMark/ISE_Framework/fhm_divider_w32.vhd \
      PB ieee/std_logic_1164 1308643377 PB ieee/STD_LOGIC_UNSIGNED 1308643379
AR work/fhm_divider_w32_reg1/synthesis 1614807630 \
      FL /home/sajjad/SS20/ASIPMeisterProjects/7/brownieMark/ISE_Framework/fhm_divider_w32.vhd \
      EN work/fhm_divider_w32_reg1 1614807629
EN work/fhm_divider_w32_lsftreg32 1614807631 \
      FL /home/sajjad/SS20/ASIPMeisterProjects/7/brownieMark/ISE_Framework/fhm_divider_w32.vhd \
      PB ieee/std_logic_1164 1308643377 PB ieee/STD_LOGIC_UNSIGNED 1308643379
AR work/fhm_divider_w32_lsftreg32/synthesis 1614807632 \
      FL /home/sajjad/SS20/ASIPMeisterProjects/7/brownieMark/ISE_Framework/fhm_divider_w32.vhd \
      EN work/fhm_divider_w32_lsftreg32 1614807631 CP fhm_divider_w32_reg32 \
      CP fhm_divider_w32_reg1
EN work/fhm_divider_w32_sdiv32 1614807633 \
      FL /home/sajjad/SS20/ASIPMeisterProjects/7/brownieMark/ISE_Framework/fhm_divider_w32.vhd \
      PB ieee/std_logic_1164 1308643377 PB ieee/STD_LOGIC_UNSIGNED 1308643379
AR work/fhm_divider_w32_sdiv32/synthesis 1614807634 \
      FL /home/sajjad/SS20/ASIPMeisterProjects/7/brownieMark/ISE_Framework/fhm_divider_w32.vhd \
      EN work/fhm_divider_w32_sdiv32 1614807633 CP fhm_divider_w32_lsftreg32 \
      CP fhm_divider_w32_add32 CP fhm_divider_w32_reg32
EN work/fhm_divider_w32_tconv32 1614807635 \
      FL /home/sajjad/SS20/ASIPMeisterProjects/7/brownieMark/ISE_Framework/fhm_divider_w32.vhd \
      PB ieee/std_logic_1164 1308643377 PB ieee/STD_LOGIC_UNSIGNED 1308643379
AR work/fhm_divider_w32_tconv32/synthesis 1614807636 \
      FL /home/sajjad/SS20/ASIPMeisterProjects/7/brownieMark/ISE_Framework/fhm_divider_w32.vhd \
      EN work/fhm_divider_w32_tconv32 1614807635 CP fhm_divider_w32_add32
EN work/fhm_divider_w32 1614807637 \
      FL /home/sajjad/SS20/ASIPMeisterProjects/7/brownieMark/ISE_Framework/fhm_divider_w32.vhd \
      PB ieee/std_logic_1164 1308643377 PB ieee/STD_LOGIC_UNSIGNED 1308643379
AR work/fhm_divider_w32/synthesis 1614807638 \
      FL /home/sajjad/SS20/ASIPMeisterProjects/7/brownieMark/ISE_Framework/fhm_divider_w32.vhd \
      EN work/fhm_divider_w32 1614807637 CP fhm_divider_w32_tconv32 \
      CP fhm_divider_w32_sdiv32 CP fhm_divider_w32_reg1
FL /home/sajjad/SS20/ASIPMeisterProjects/7/brownieMark/ISE_Framework/fhm_dummy_register_w32.vhd 2021/03/03.22:09:30 O.61xd
EN work/fhm_dummy_register_w32 1614807653 \
      FL /home/sajjad/SS20/ASIPMeisterProjects/7/brownieMark/ISE_Framework/fhm_dummy_register_w32.vhd \
      PB ieee/std_logic_1164 1308643377 PB ieee/STD_LOGIC_UNSIGNED 1308643379
AR work/fhm_dummy_register_w32/logic 1614807654 \
      FL /home/sajjad/SS20/ASIPMeisterProjects/7/brownieMark/ISE_Framework/fhm_dummy_register_w32.vhd \
      EN work/fhm_dummy_register_w32 1614807653
FL /home/sajjad/SS20/ASIPMeisterProjects/7/brownieMark/ISE_Framework/fhm_extender_w16.vhd 2021/03/03.22:09:30 O.61xd
EN work/fhm_extender_w16 1614807641 \
      FL /home/sajjad/SS20/ASIPMeisterProjects/7/brownieMark/ISE_Framework/fhm_extender_w16.vhd \
      PB ieee/std_logic_1164 1308643377 PB ieee/STD_LOGIC_UNSIGNED 1308643379
AR work/fhm_extender_w16/synthesis 1614807642 \
      FL /home/sajjad/SS20/ASIPMeisterProjects/7/brownieMark/ISE_Framework/fhm_extender_w16.vhd \
      EN work/fhm_extender_w16 1614807641
FL /home/sajjad/SS20/ASIPMeisterProjects/7/brownieMark/ISE_Framework/fhm_extender_w26.vhd 2021/03/03.22:09:30 O.61xd
EN work/fhm_extender_w26 1614807643 \
      FL /home/sajjad/SS20/ASIPMeisterProjects/7/brownieMark/ISE_Framework/fhm_extender_w26.vhd \
      PB ieee/std_logic_1164 1308643377 PB ieee/STD_LOGIC_UNSIGNED 1308643379
AR work/fhm_extender_w26/synthesis 1614807644 \
      FL /home/sajjad/SS20/ASIPMeisterProjects/7/brownieMark/ISE_Framework/fhm_extender_w26.vhd \
      EN work/fhm_extender_w26 1614807643
FL /home/sajjad/SS20/ASIPMeisterProjects/7/brownieMark/ISE_Framework/fhm_extender_w8.vhd 2021/03/03.22:09:30 O.61xd
EN work/fhm_extender_w8 1614807639 \
      FL /home/sajjad/SS20/ASIPMeisterProjects/7/brownieMark/ISE_Framework/fhm_extender_w8.vhd \
      PB ieee/std_logic_1164 1308643377 PB ieee/STD_LOGIC_UNSIGNED 1308643379
AR work/fhm_extender_w8/synthesis 1614807640 \
      FL /home/sajjad/SS20/ASIPMeisterProjects/7/brownieMark/ISE_Framework/fhm_extender_w8.vhd \
      EN work/fhm_extender_w8 1614807639
FL /home/sajjad/SS20/ASIPMeisterProjects/7/brownieMark/ISE_Framework/fhm_fwu_w32.vhd 2021/03/03.22:09:30 O.61xd
EN work/fhm_fwu_w32 1614807651 \
      FL /home/sajjad/SS20/ASIPMeisterProjects/7/brownieMark/ISE_Framework/fhm_fwu_w32.vhd \
      PB ieee/std_logic_1164 1308643377
AR work/fhm_fwu_w32/synthesis 1614807652 \
      FL /home/sajjad/SS20/ASIPMeisterProjects/7/brownieMark/ISE_Framework/fhm_fwu_w32.vhd \
      EN work/fhm_fwu_w32 1614807651
FL /home/sajjad/SS20/ASIPMeisterProjects/7/brownieMark/ISE_Framework/fhm_mifu_w32_00.vhd 2021/03/03.22:09:30 O.61xd
EN work/fhm_mifu_w32_00 1614807599 \
      FL /home/sajjad/SS20/ASIPMeisterProjects/7/brownieMark/ISE_Framework/fhm_mifu_w32_00.vhd \
      PB ieee/std_logic_1164 1308643377
AR work/fhm_mifu_w32_00/synthesis 1614807600 \
      FL /home/sajjad/SS20/ASIPMeisterProjects/7/brownieMark/ISE_Framework/fhm_mifu_w32_00.vhd \
      EN work/fhm_mifu_w32_00 1614807599
FL /home/sajjad/SS20/ASIPMeisterProjects/7/brownieMark/ISE_Framework/fhm_mifu_w32_01.vhd 2021/03/03.22:09:30 O.61xd
EN work/fhm_mifu_w32_01 1614807601 \
      FL /home/sajjad/SS20/ASIPMeisterProjects/7/brownieMark/ISE_Framework/fhm_mifu_w32_01.vhd \
      PB ieee/std_logic_1164 1308643377
AR work/fhm_mifu_w32_01/synthesis 1614807602 \
      FL /home/sajjad/SS20/ASIPMeisterProjects/7/brownieMark/ISE_Framework/fhm_mifu_w32_01.vhd \
      EN work/fhm_mifu_w32_01 1614807601
FL /home/sajjad/SS20/ASIPMeisterProjects/7/brownieMark/ISE_Framework/fhm_multiplier_w32.vhd 2021/03/03.22:09:30 O.61xd
EN work/fhm_multiplier_w32_reg1 1614807607 \
      FL /home/sajjad/SS20/ASIPMeisterProjects/7/brownieMark/ISE_Framework/fhm_multiplier_w32.vhd \
      PB ieee/std_logic_1164 1308643377 PB ieee/STD_LOGIC_UNSIGNED 1308643379
AR work/fhm_multiplier_w32_reg1/synthesis 1614807608 \
      FL /home/sajjad/SS20/ASIPMeisterProjects/7/brownieMark/ISE_Framework/fhm_multiplier_w32.vhd \
      EN work/fhm_multiplier_w32_reg1 1614807607
EN work/fhm_multiplier_w32_add32 1614807609 \
      FL /home/sajjad/SS20/ASIPMeisterProjects/7/brownieMark/ISE_Framework/fhm_multiplier_w32.vhd \
      PB ieee/std_logic_1164 1308643377 PB ieee/STD_LOGIC_UNSIGNED 1308643379
AR work/fhm_multiplier_w32_add32/synthesis 1614807610 \
      FL /home/sajjad/SS20/ASIPMeisterProjects/7/brownieMark/ISE_Framework/fhm_multiplier_w32.vhd \
      EN work/fhm_multiplier_w32_add32 1614807609
EN work/fhm_multiplier_w32_add64 1614807611 \
      FL /home/sajjad/SS20/ASIPMeisterProjects/7/brownieMark/ISE_Framework/fhm_multiplier_w32.vhd \
      PB ieee/std_logic_1164 1308643377 PB ieee/STD_LOGIC_UNSIGNED 1308643379
AR work/fhm_multiplier_w32_add64/synthesis 1614807612 \
      FL /home/sajjad/SS20/ASIPMeisterProjects/7/brownieMark/ISE_Framework/fhm_multiplier_w32.vhd \
      EN work/fhm_multiplier_w32_add64 1614807611
EN work/fhm_multiplier_w32_reg32 1614807613 \
      FL /home/sajjad/SS20/ASIPMeisterProjects/7/brownieMark/ISE_Framework/fhm_multiplier_w32.vhd \
      PB ieee/std_logic_1164 1308643377 PB ieee/STD_LOGIC_UNSIGNED 1308643379
AR work/fhm_multiplier_w32_reg32/synthesis 1614807614 \
      FL /home/sajjad/SS20/ASIPMeisterProjects/7/brownieMark/ISE_Framework/fhm_multiplier_w32.vhd \
      EN work/fhm_multiplier_w32_reg32 1614807613
EN work/fhm_multiplier_w32_reg64 1614807615 \
      FL /home/sajjad/SS20/ASIPMeisterProjects/7/brownieMark/ISE_Framework/fhm_multiplier_w32.vhd \
      PB ieee/std_logic_1164 1308643377 PB ieee/STD_LOGIC_UNSIGNED 1308643379
AR work/fhm_multiplier_w32_reg64/synthesis 1614807616 \
      FL /home/sajjad/SS20/ASIPMeisterProjects/7/brownieMark/ISE_Framework/fhm_multiplier_w32.vhd \
      EN work/fhm_multiplier_w32_reg64 1614807615
EN work/fhm_multiplier_w32_smul 1614807617 \
      FL /home/sajjad/SS20/ASIPMeisterProjects/7/brownieMark/ISE_Framework/fhm_multiplier_w32.vhd \
      PB ieee/std_logic_1164 1308643377 PB ieee/STD_LOGIC_UNSIGNED 1308643379
AR work/fhm_multiplier_w32_smul/synthesis 1614807618 \
      FL /home/sajjad/SS20/ASIPMeisterProjects/7/brownieMark/ISE_Framework/fhm_multiplier_w32.vhd \
      EN work/fhm_multiplier_w32_smul 1614807617 CP fhm_multiplier_w32_reg32 \
      CP fhm_multiplier_w32_add64 CP fhm_multiplier_w32_reg64
EN work/fhm_multiplier_w32_tconv32 1614807619 \
      FL /home/sajjad/SS20/ASIPMeisterProjects/7/brownieMark/ISE_Framework/fhm_multiplier_w32.vhd \
      PB ieee/std_logic_1164 1308643377 PB ieee/STD_LOGIC_UNSIGNED 1308643379
AR work/fhm_multiplier_w32_tconv32/synthesis 1614807620 \
      FL /home/sajjad/SS20/ASIPMeisterProjects/7/brownieMark/ISE_Framework/fhm_multiplier_w32.vhd \
      EN work/fhm_multiplier_w32_tconv32 1614807619 CP fhm_multiplier_w32_add32
EN work/fhm_multiplier_w32_tconv64 1614807621 \
      FL /home/sajjad/SS20/ASIPMeisterProjects/7/brownieMark/ISE_Framework/fhm_multiplier_w32.vhd \
      PB ieee/std_logic_1164 1308643377 PB ieee/STD_LOGIC_UNSIGNED 1308643379
AR work/fhm_multiplier_w32_tconv64/synthesis 1614807622 \
      FL /home/sajjad/SS20/ASIPMeisterProjects/7/brownieMark/ISE_Framework/fhm_multiplier_w32.vhd \
      EN work/fhm_multiplier_w32_tconv64 1614807621 CP fhm_multiplier_w32_add64
EN work/fhm_multiplier_w32 1614807623 \
      FL /home/sajjad/SS20/ASIPMeisterProjects/7/brownieMark/ISE_Framework/fhm_multiplier_w32.vhd \
      PB ieee/std_logic_1164 1308643377 PB ieee/STD_LOGIC_UNSIGNED 1308643379
AR work/fhm_multiplier_w32/synthesis 1614807624 \
      FL /home/sajjad/SS20/ASIPMeisterProjects/7/brownieMark/ISE_Framework/fhm_multiplier_w32.vhd \
      EN work/fhm_multiplier_w32 1614807623 CP fhm_multiplier_w32_reg1 \
      CP fhm_multiplier_w32_tconv32 CP fhm_multiplier_w32_smul \
      CP fhm_multiplier_w32_tconv64
FL /home/sajjad/SS20/ASIPMeisterProjects/7/brownieMark/ISE_Framework/fhm_pcu_w32.vhd 2021/03/03.22:09:30 O.61xd
EN work/fhm_pcu_w32_add32 1614807591 \
      FL /home/sajjad/SS20/ASIPMeisterProjects/7/brownieMark/ISE_Framework/fhm_pcu_w32.vhd \
      PB ieee/std_logic_1164 1308643377 PB ieee/STD_LOGIC_UNSIGNED 1308643379
AR work/fhm_pcu_w32_add32/synthesis 1614807592 \
      FL /home/sajjad/SS20/ASIPMeisterProjects/7/brownieMark/ISE_Framework/fhm_pcu_w32.vhd \
      EN work/fhm_pcu_w32_add32 1614807591
EN work/fhm_pcu_w32_reg32 1614807593 \
      FL /home/sajjad/SS20/ASIPMeisterProjects/7/brownieMark/ISE_Framework/fhm_pcu_w32.vhd \
      PB ieee/std_logic_1164 1308643377 PB ieee/STD_LOGIC_UNSIGNED 1308643379
AR work/fhm_pcu_w32_reg32/synthesis 1614807594 \
      FL /home/sajjad/SS20/ASIPMeisterProjects/7/brownieMark/ISE_Framework/fhm_pcu_w32.vhd \
      EN work/fhm_pcu_w32_reg32 1614807593
EN work/fhm_pcu_w32 1614807595 \
      FL /home/sajjad/SS20/ASIPMeisterProjects/7/brownieMark/ISE_Framework/fhm_pcu_w32.vhd \
      PB ieee/std_logic_1164 1308643377 PB ieee/std_logic_arith 1308643378 \
      PB ieee/STD_LOGIC_SIGNED 1308643379
AR work/fhm_pcu_w32/synthesis 1614807596 \
      FL /home/sajjad/SS20/ASIPMeisterProjects/7/brownieMark/ISE_Framework/fhm_pcu_w32.vhd \
      EN work/fhm_pcu_w32 1614807595 CP fhm_pcu_w32_add32 CP fhm_pcu_w32_reg32
FL /home/sajjad/SS20/ASIPMeisterProjects/7/brownieMark/ISE_Framework/fhm_register_w32.vhd 2021/03/03.22:09:30 O.61xd
EN work/fhm_register_w32 1614807597 \
      FL /home/sajjad/SS20/ASIPMeisterProjects/7/brownieMark/ISE_Framework/fhm_register_w32.vhd \
      PB ieee/std_logic_1164 1308643377 PB ieee/STD_LOGIC_UNSIGNED 1308643379
AR work/fhm_register_w32/logic 1614807598 \
      FL /home/sajjad/SS20/ASIPMeisterProjects/7/brownieMark/ISE_Framework/fhm_register_w32.vhd \
      EN work/fhm_register_w32 1614807597
FL /home/sajjad/SS20/ASIPMeisterProjects/7/brownieMark/ISE_Framework/fhm_shifter_w32.vhd 2021/03/03.22:09:30 O.61xd
EN work/fhm_shifter_w32 1614807645 \
      FL /home/sajjad/SS20/ASIPMeisterProjects/7/brownieMark/ISE_Framework/fhm_shifter_w32.vhd \
      PB ieee/std_logic_1164 1308643377 PB ieee/std_logic_arith 1308643378 \
      PB ieee/STD_LOGIC_UNSIGNED 1308643379
AR work/fhm_shifter_w32/synthesis 1614807646 \
      FL /home/sajjad/SS20/ASIPMeisterProjects/7/brownieMark/ISE_Framework/fhm_shifter_w32.vhd \
      EN work/fhm_shifter_w32 1614807645
FL /home/sajjad/SS20/ASIPMeisterProjects/7/brownieMark/ISE_Framework/fhm_wire_in_w1.vhd 2021/03/03.22:09:30 O.61xd
EN work/fhm_wire_in_w1 1614807647 \
      FL /home/sajjad/SS20/ASIPMeisterProjects/7/brownieMark/ISE_Framework/fhm_wire_in_w1.vhd \
      PB ieee/std_logic_1164 1308643377
AR work/fhm_wire_in_w1/synthesis 1614807648 \
      FL /home/sajjad/SS20/ASIPMeisterProjects/7/brownieMark/ISE_Framework/fhm_wire_in_w1.vhd \
      EN work/fhm_wire_in_w1 1614807647
FL /home/sajjad/SS20/ASIPMeisterProjects/7/brownieMark/ISE_Framework/fhm_wire_out_w1.vhd 2021/03/03.22:09:30 O.61xd
EN work/fhm_wire_out_w1 1614807649 \
      FL /home/sajjad/SS20/ASIPMeisterProjects/7/brownieMark/ISE_Framework/fhm_wire_out_w1.vhd \
      PB ieee/std_logic_1164 1308643377
AR work/fhm_wire_out_w1/synthesis 1614807650 \
      FL /home/sajjad/SS20/ASIPMeisterProjects/7/brownieMark/ISE_Framework/fhm_wire_out_w1.vhd \
      EN work/fhm_wire_out_w1 1614807649
FL /home/sajjad/SS20/ASIPMeisterProjects/7/brownieMark/ISE_Framework/fifo_generator_v2_1.vhd 2021/02/27.00:38:42 O.61xd
EN work/fifo_generator_v2_1 1614807581 \
      FL /home/sajjad/SS20/ASIPMeisterProjects/7/brownieMark/ISE_Framework/fifo_generator_v2_1.vhd \
      PB ieee/std_logic_1164 1308643377
AR work/fifo_generator_v2_1/fifo_generator_v2_1_a 1614807582 \
      FL /home/sajjad/SS20/ASIPMeisterProjects/7/brownieMark/ISE_Framework/fifo_generator_v2_1.vhd \
      EN work/fifo_generator_v2_1 1614807581
FL /home/sajjad/SS20/ASIPMeisterProjects/7/brownieMark/ISE_Framework/i2c_arbiter.vhd 2021/02/27.00:38:42 O.61xd
EN work/i2c_arbiter 1614807585 \
      FL /home/sajjad/SS20/ASIPMeisterProjects/7/brownieMark/ISE_Framework/i2c_arbiter.vhd \
      PB ieee/std_logic_1164 1308643377 PB ieee/NUMERIC_STD 1308643378 \
      PB ieee/STD_LOGIC_UNSIGNED 1308643379
AR work/i2c_arbiter/i2c_arbiter_arch 1614807586 \
      FL /home/sajjad/SS20/ASIPMeisterProjects/7/brownieMark/ISE_Framework/i2c_arbiter.vhd \
      EN work/i2c_arbiter 1614807585
FL /home/sajjad/SS20/ASIPMeisterProjects/7/brownieMark/ISE_Framework/i2c_multiclock_latch.vhd 2021/02/27.00:38:42 O.61xd
EN work/multiclock_latch 1614807583 \
      FL /home/sajjad/SS20/ASIPMeisterProjects/7/brownieMark/ISE_Framework/i2c_multiclock_latch.vhd \
      PB ieee/std_logic_1164 1308643377 PB ieee/NUMERIC_STD 1308643378 \
      PB ieee/STD_LOGIC_UNSIGNED 1308643379
AR work/multiclock_latch/multiclock_latch_arch 1614807584 \
      FL /home/sajjad/SS20/ASIPMeisterProjects/7/brownieMark/ISE_Framework/i2c_multiclock_latch.vhd \
      EN work/multiclock_latch 1614807583
FL /home/sajjad/SS20/ASIPMeisterProjects/7/brownieMark/ISE_Framework/i2c_toplevel.vhd 2021/02/27.00:38:42 O.61xd
EN work/i2c_toplevel 1614807695 \
      FL /home/sajjad/SS20/ASIPMeisterProjects/7/brownieMark/ISE_Framework/i2c_toplevel.vhd \
      PB ieee/std_logic_1164 1308643377 PB ieee/NUMERIC_STD 1308643378 \
      PB ieee/STD_LOGIC_UNSIGNED 1308643379 LB UNISIM PH unisim/VCOMPONENTS 1308643377
AR work/i2c_toplevel/i2c_toplevel_arch 1614807696 \
      FL /home/sajjad/SS20/ASIPMeisterProjects/7/brownieMark/ISE_Framework/i2c_toplevel.vhd \
      EN work/i2c_toplevel 1614807695 CP fifo_generator_v2_1 CP multiclock_latch \
      CP i2c_arbiter CP pca9564_interface
FL /home/sajjad/SS20/ASIPMeisterProjects/7/brownieMark/ISE_Framework/interface_asipmeister_i2c.vhd 2021/02/27.00:38:42 O.61xd
EN work/interface_asipmeister_i2c 1614807693 \
      FL /home/sajjad/SS20/ASIPMeisterProjects/7/brownieMark/ISE_Framework/interface_asipmeister_i2c.vhd \
      PB ieee/std_logic_1164 1308643377 PB ieee/NUMERIC_STD 1308643378 \
      PB ieee/STD_LOGIC_UNSIGNED 1308643379
AR work/interface_asipmeister_i2c/interface_asipmeister_i2c_arch 1614807694 \
      FL /home/sajjad/SS20/ASIPMeisterProjects/7/brownieMark/ISE_Framework/interface_asipmeister_i2c.vhd \
      EN work/interface_asipmeister_i2c 1614807693 CP fifo_generator_v2_1
FL /home/sajjad/SS20/ASIPMeisterProjects/7/brownieMark/ISE_Framework/kcuart_rx.vhd 2021/02/27.00:38:42 O.61xd
EN work/kcuart_rx 1614807703 \
      FL /home/sajjad/SS20/ASIPMeisterProjects/7/brownieMark/ISE_Framework/kcuart_rx.vhd \
      PB ieee/std_logic_1164 1308643377 PB ieee/std_logic_arith 1308643378 \
      PB ieee/STD_LOGIC_UNSIGNED 1308643379 LB UNISIM PH unisim/VCOMPONENTS 1308643377
AR work/kcuart_rx/low_level_definition 1614807704 \
      FL /home/sajjad/SS20/ASIPMeisterProjects/7/brownieMark/ISE_Framework/kcuart_rx.vhd \
      EN work/kcuart_rx 1614807703 CP FD CP string CP label CP SRL16E CP FDE CP LUT4 \
      CP LUT3 CP LUT2
FL /home/sajjad/SS20/ASIPMeisterProjects/7/brownieMark/ISE_Framework/kcuart_tx.vhd 2021/02/27.00:38:42 O.61xd
EN work/kcuart_tx 1614807701 \
      FL /home/sajjad/SS20/ASIPMeisterProjects/7/brownieMark/ISE_Framework/kcuart_tx.vhd \
      PB ieee/std_logic_1164 1308643377 PB ieee/std_logic_arith 1308643378 \
      PB ieee/STD_LOGIC_UNSIGNED 1308643379 LB UNISIM PH unisim/VCOMPONENTS 1308643377
AR work/kcuart_tx/low_level_definition 1614807702 \
      FL /home/sajjad/SS20/ASIPMeisterProjects/7/brownieMark/ISE_Framework/kcuart_tx.vhd \
      EN work/kcuart_tx 1614807701 CP LUT4 CP MUXF5 CP MUXF6 CP FDRS CP string \
      CP label CP FDRE CP LUT2 CP MULT_AND CP MUXCY CP XORCY CP LUT3 CP FDE CP SRL16E \
      CP FD
FL /home/sajjad/SS20/ASIPMeisterProjects/7/brownieMark/ISE_Framework/MemoryMapper.vhd 2021/02/27.00:38:42 O.61xd
EN work/MemoryMapper 1614807691 \
      FL /home/sajjad/SS20/ASIPMeisterProjects/7/brownieMark/ISE_Framework/MemoryMapper.vhd \
      PB ieee/std_logic_1164 1308643377 PB ieee/std_logic_arith 1308643378 \
      PB ieee/STD_LOGIC_UNSIGNED 1308643379 LB work PB work/MemoryMapperTypes 1614807590
AR work/MemoryMapper/Behavioral 1614807692 \
      FL /home/sajjad/SS20/ASIPMeisterProjects/7/brownieMark/ISE_Framework/MemoryMapper.vhd \
      EN work/MemoryMapper 1614807691
FL /home/sajjad/SS20/ASIPMeisterProjects/7/brownieMark/ISE_Framework/MemoryMapperTypes.vhd 2021/02/27.00:38:42 O.61xd
PH work/MemoryMapperTypes 1614807589 \
      FL /home/sajjad/SS20/ASIPMeisterProjects/7/brownieMark/ISE_Framework/MemoryMapperTypes.vhd \
      PB ieee/std_logic_1164 1308643377
PB work/MemoryMapperTypes 1614807590 \
      FL /home/sajjad/SS20/ASIPMeisterProjects/7/brownieMark/ISE_Framework/MemoryMapperTypes.vhd \
      PH work/MemoryMapperTypes 1614807589
FL /home/sajjad/SS20/ASIPMeisterProjects/7/brownieMark/ISE_Framework/pca9564_interface_state.vhd 2021/02/27.00:38:42 O.61xd
EN work/pca9564_interface 1614807587 \
      FL /home/sajjad/SS20/ASIPMeisterProjects/7/brownieMark/ISE_Framework/pca9564_interface_state.vhd \
      PB ieee/std_logic_1164 1308643377 PB ieee/NUMERIC_STD 1308643378 \
      PB ieee/STD_LOGIC_UNSIGNED 1308643379
AR work/pca9564_interface/pca9564_interface_arch 1614807588 \
      FL /home/sajjad/SS20/ASIPMeisterProjects/7/brownieMark/ISE_Framework/pca9564_interface_state.vhd \
      EN work/pca9564_interface 1614807587
FL /home/sajjad/SS20/ASIPMeisterProjects/7/brownieMark/ISE_Framework/rtg_controller.vhd 2021/03/03.22:09:31 O.61xd
EN work/rtg_controller 1614807665 \
      FL /home/sajjad/SS20/ASIPMeisterProjects/7/brownieMark/ISE_Framework/rtg_controller.vhd \
      PB ieee/std_logic_1164 1308643377
AR work/rtg_controller/RTL 1614807666 \
      FL /home/sajjad/SS20/ASIPMeisterProjects/7/brownieMark/ISE_Framework/rtg_controller.vhd \
      EN work/rtg_controller 1614807665 CP rtg_proc_fsm CP rtg_register_w1 \
      CP rtg_register_w2 CP rtg_register_w32 CP rtg_register_w131 \
      CP rtg_register_w29
FL /home/sajjad/SS20/ASIPMeisterProjects/7/brownieMark/ISE_Framework/rtg_mux17to1_w32.vhd 2021/03/03.22:09:31 O.61xd
EN work/rtg_mux17to1_w32 1614807673 \
      FL /home/sajjad/SS20/ASIPMeisterProjects/7/brownieMark/ISE_Framework/rtg_mux17to1_w32.vhd \
      PB ieee/std_logic_1164 1308643377
AR work/rtg_mux17to1_w32/RTL 1614807674 \
      FL /home/sajjad/SS20/ASIPMeisterProjects/7/brownieMark/ISE_Framework/rtg_mux17to1_w32.vhd \
      EN work/rtg_mux17to1_w32 1614807673
FL /home/sajjad/SS20/ASIPMeisterProjects/7/brownieMark/ISE_Framework/rtg_mux2to1_w16.vhd 2021/03/03.22:09:31 O.61xd
EN work/rtg_mux2to1_w16 1614807679 \
      FL /home/sajjad/SS20/ASIPMeisterProjects/7/brownieMark/ISE_Framework/rtg_mux2to1_w16.vhd \
      PB ieee/std_logic_1164 1308643377
AR work/rtg_mux2to1_w16/RTL 1614807680 \
      FL /home/sajjad/SS20/ASIPMeisterProjects/7/brownieMark/ISE_Framework/rtg_mux2to1_w16.vhd \
      EN work/rtg_mux2to1_w16 1614807679
FL /home/sajjad/SS20/ASIPMeisterProjects/7/brownieMark/ISE_Framework/rtg_mux2to1_w32.vhd 2021/03/03.22:09:31 O.61xd
EN work/rtg_mux2to1_w32 1614807663 \
      FL /home/sajjad/SS20/ASIPMeisterProjects/7/brownieMark/ISE_Framework/rtg_mux2to1_w32.vhd \
      PB ieee/std_logic_1164 1308643377
AR work/rtg_mux2to1_w32/RTL 1614807664 \
      FL /home/sajjad/SS20/ASIPMeisterProjects/7/brownieMark/ISE_Framework/rtg_mux2to1_w32.vhd \
      EN work/rtg_mux2to1_w32 1614807663
FL /home/sajjad/SS20/ASIPMeisterProjects/7/brownieMark/ISE_Framework/rtg_mux2to1_w5.vhd 2021/03/03.22:09:31 O.61xd
EN work/rtg_mux2to1_w5 1614807671 \
      FL /home/sajjad/SS20/ASIPMeisterProjects/7/brownieMark/ISE_Framework/rtg_mux2to1_w5.vhd \
      PB ieee/std_logic_1164 1308643377
AR work/rtg_mux2to1_w5/RTL 1614807672 \
      FL /home/sajjad/SS20/ASIPMeisterProjects/7/brownieMark/ISE_Framework/rtg_mux2to1_w5.vhd \
      EN work/rtg_mux2to1_w5 1614807671
FL /home/sajjad/SS20/ASIPMeisterProjects/7/brownieMark/ISE_Framework/rtg_mux3to1_w32.vhd 2021/03/03.22:09:31 O.61xd
EN work/rtg_mux3to1_w32 1614807667 \
      FL /home/sajjad/SS20/ASIPMeisterProjects/7/brownieMark/ISE_Framework/rtg_mux3to1_w32.vhd \
      PB ieee/std_logic_1164 1308643377
AR work/rtg_mux3to1_w32/RTL 1614807668 \
      FL /home/sajjad/SS20/ASIPMeisterProjects/7/brownieMark/ISE_Framework/rtg_mux3to1_w32.vhd \
      EN work/rtg_mux3to1_w32 1614807667
FL /home/sajjad/SS20/ASIPMeisterProjects/7/brownieMark/ISE_Framework/rtg_mux3to1_w5.vhd 2021/03/03.22:09:31 O.61xd
EN work/rtg_mux3to1_w5 1614807677 \
      FL /home/sajjad/SS20/ASIPMeisterProjects/7/brownieMark/ISE_Framework/rtg_mux3to1_w5.vhd \
      PB ieee/std_logic_1164 1308643377
AR work/rtg_mux3to1_w5/RTL 1614807678 \
      FL /home/sajjad/SS20/ASIPMeisterProjects/7/brownieMark/ISE_Framework/rtg_mux3to1_w5.vhd \
      EN work/rtg_mux3to1_w5 1614807677
FL /home/sajjad/SS20/ASIPMeisterProjects/7/brownieMark/ISE_Framework/rtg_mux4to1_w32.vhd 2021/03/03.22:09:31 O.61xd
EN work/rtg_mux4to1_w32 1614807669 \
      FL /home/sajjad/SS20/ASIPMeisterProjects/7/brownieMark/ISE_Framework/rtg_mux4to1_w32.vhd \
      PB ieee/std_logic_1164 1308643377
AR work/rtg_mux4to1_w32/RTL 1614807670 \
      FL /home/sajjad/SS20/ASIPMeisterProjects/7/brownieMark/ISE_Framework/rtg_mux4to1_w32.vhd \
      EN work/rtg_mux4to1_w32 1614807669
FL /home/sajjad/SS20/ASIPMeisterProjects/7/brownieMark/ISE_Framework/rtg_mux5to1_w5.vhd 2021/03/03.22:09:31 O.61xd
EN work/rtg_mux5to1_w5 1614807675 \
      FL /home/sajjad/SS20/ASIPMeisterProjects/7/brownieMark/ISE_Framework/rtg_mux5to1_w5.vhd \
      PB ieee/std_logic_1164 1308643377
AR work/rtg_mux5to1_w5/RTL 1614807676 \
      FL /home/sajjad/SS20/ASIPMeisterProjects/7/brownieMark/ISE_Framework/rtg_mux5to1_w5.vhd \
      EN work/rtg_mux5to1_w5 1614807675
FL /home/sajjad/SS20/ASIPMeisterProjects/7/brownieMark/ISE_Framework/rtg_proc_fsm.vhd 2021/03/03.22:09:31 O.61xd
EN work/rtg_proc_fsm 1614807566 \
      FL /home/sajjad/SS20/ASIPMeisterProjects/7/brownieMark/ISE_Framework/rtg_proc_fsm.vhd \
      PB ieee/std_logic_1164 1308643377
AR work/rtg_proc_fsm/RTL 1614807567 \
      FL /home/sajjad/SS20/ASIPMeisterProjects/7/brownieMark/ISE_Framework/rtg_proc_fsm.vhd \
      EN work/rtg_proc_fsm 1614807566
FL /home/sajjad/SS20/ASIPMeisterProjects/7/brownieMark/ISE_Framework/rtg_register_w1.vhd 2021/03/03.22:09:31 O.61xd
EN work/rtg_register_w1 1614807568 \
      FL /home/sajjad/SS20/ASIPMeisterProjects/7/brownieMark/ISE_Framework/rtg_register_w1.vhd \
      PB ieee/std_logic_1164 1308643377
AR work/rtg_register_w1/RTL 1614807569 \
      FL /home/sajjad/SS20/ASIPMeisterProjects/7/brownieMark/ISE_Framework/rtg_register_w1.vhd \
      EN work/rtg_register_w1 1614807568
FL /home/sajjad/SS20/ASIPMeisterProjects/7/brownieMark/ISE_Framework/rtg_register_w131.vhd 2021/03/03.22:09:31 O.61xd
EN work/rtg_register_w131 1614807574 \
      FL /home/sajjad/SS20/ASIPMeisterProjects/7/brownieMark/ISE_Framework/rtg_register_w131.vhd \
      PB ieee/std_logic_1164 1308643377
AR work/rtg_register_w131/RTL 1614807575 \
      FL /home/sajjad/SS20/ASIPMeisterProjects/7/brownieMark/ISE_Framework/rtg_register_w131.vhd \
      EN work/rtg_register_w131 1614807574
FL /home/sajjad/SS20/ASIPMeisterProjects/7/brownieMark/ISE_Framework/rtg_register_w2.vhd 2021/03/03.22:09:31 O.61xd
EN work/rtg_register_w2 1614807570 \
      FL /home/sajjad/SS20/ASIPMeisterProjects/7/brownieMark/ISE_Framework/rtg_register_w2.vhd \
      PB ieee/std_logic_1164 1308643377
AR work/rtg_register_w2/RTL 1614807571 \
      FL /home/sajjad/SS20/ASIPMeisterProjects/7/brownieMark/ISE_Framework/rtg_register_w2.vhd \
      EN work/rtg_register_w2 1614807570
FL /home/sajjad/SS20/ASIPMeisterProjects/7/brownieMark/ISE_Framework/rtg_register_w29.vhd 2021/03/03.22:09:31 O.61xd
EN work/rtg_register_w29 1614807576 \
      FL /home/sajjad/SS20/ASIPMeisterProjects/7/brownieMark/ISE_Framework/rtg_register_w29.vhd \
      PB ieee/std_logic_1164 1308643377
AR work/rtg_register_w29/RTL 1614807577 \
      FL /home/sajjad/SS20/ASIPMeisterProjects/7/brownieMark/ISE_Framework/rtg_register_w29.vhd \
      EN work/rtg_register_w29 1614807576
FL /home/sajjad/SS20/ASIPMeisterProjects/7/brownieMark/ISE_Framework/rtg_register_w32.vhd 2021/03/03.22:09:31 O.61xd
EN work/rtg_register_w32 1614807572 \
      FL /home/sajjad/SS20/ASIPMeisterProjects/7/brownieMark/ISE_Framework/rtg_register_w32.vhd \
      PB ieee/std_logic_1164 1308643377
AR work/rtg_register_w32/RTL 1614807573 \
      FL /home/sajjad/SS20/ASIPMeisterProjects/7/brownieMark/ISE_Framework/rtg_register_w32.vhd \
      EN work/rtg_register_w32 1614807572
FL /home/sajjad/SS20/ASIPMeisterProjects/7/brownieMark/ISE_Framework/rtg_register_w5.vhd 2021/03/03.22:09:31 O.61xd
EN work/rtg_register_w5 1614807681 \
      FL /home/sajjad/SS20/ASIPMeisterProjects/7/brownieMark/ISE_Framework/rtg_register_w5.vhd \
      PB ieee/std_logic_1164 1308643377
AR work/rtg_register_w5/RTL 1614807682 \
      FL /home/sajjad/SS20/ASIPMeisterProjects/7/brownieMark/ISE_Framework/rtg_register_w5.vhd \
      EN work/rtg_register_w5 1614807681
